Component: ARM Compiler 5.06 update 6 (build 750) Tool: armlink [4d35ed]

==============================================================================

Section Cross References

    gd32f4xx_it.o(.rev16_text) refers (Special) to systick_wrapper_ual.o(.text) for __ensure_systick_wrapper
    gd32f4xx_it.o(.revsh_text) refers (Special) to systick_wrapper_ual.o(.text) for __ensure_systick_wrapper
    gd32f4xx_it.o(.rrx_text) refers (Special) to systick_wrapper_ual.o(.text) for __ensure_systick_wrapper
    gd32f4xx_it.o(i.BusFault_Handler) refers (Special) to systick_wrapper_ual.o(.text) for __ensure_systick_wrapper
    gd32f4xx_it.o(i.DebugMon_Handler) refers (Special) to systick_wrapper_ual.o(.text) for __ensure_systick_wrapper
    gd32f4xx_it.o(i.EXTI0_IRQHandler) refers (Special) to systick_wrapper_ual.o(.text) for __ensure_systick_wrapper
    gd32f4xx_it.o(i.EXTI0_IRQHandler) refers to gd32f4xx_exti.o(i.exti_interrupt_flag_get) for exti_interrupt_flag_get
    gd32f4xx_it.o(i.EXTI0_IRQHandler) refers to gd32f4xx_exti.o(i.exti_interrupt_flag_clear) for exti_interrupt_flag_clear
    gd32f4xx_it.o(i.HardFault_Handler) refers (Special) to systick_wrapper_ual.o(.text) for __ensure_systick_wrapper
    gd32f4xx_it.o(i.MemManage_Handler) refers (Special) to systick_wrapper_ual.o(.text) for __ensure_systick_wrapper
    gd32f4xx_it.o(i.NMI_Handler) refers (Special) to systick_wrapper_ual.o(.text) for __ensure_systick_wrapper
    gd32f4xx_it.o(i.PendSV_Handler) refers (Special) to systick_wrapper_ual.o(.text) for __ensure_systick_wrapper
    gd32f4xx_it.o(i.SDIO_IRQHandler) refers (Special) to systick_wrapper_ual.o(.text) for __ensure_systick_wrapper
    gd32f4xx_it.o(i.SDIO_IRQHandler) refers to sdio_sdcard.o(i.sd_interrupts_process) for sd_interrupts_process
    gd32f4xx_it.o(i.SVC_Handler) refers (Special) to systick_wrapper_ual.o(.text) for __ensure_systick_wrapper
    gd32f4xx_it.o(i.SysTick_Handler) refers (Special) to systick_wrapper_ual.o(.text) for __ensure_systick_wrapper
    gd32f4xx_it.o(i.SysTick_Handler) refers to systick.o(i.delay_decrement) for delay_decrement
    gd32f4xx_it.o(i.USART0_IRQHandler) refers (Special) to systick_wrapper_ual.o(.text) for __ensure_systick_wrapper
    gd32f4xx_it.o(i.USART0_IRQHandler) refers to gd32f4xx_usart.o(i.usart_interrupt_flag_get) for usart_interrupt_flag_get
    gd32f4xx_it.o(i.USART0_IRQHandler) refers to gd32f4xx_usart.o(i.usart_data_receive) for usart_data_receive
    gd32f4xx_it.o(i.USART0_IRQHandler) refers to gd32f4xx_dma.o(i.dma_channel_disable) for dma_channel_disable
    gd32f4xx_it.o(i.USART0_IRQHandler) refers to gd32f4xx_dma.o(i.dma_transfer_number_get) for dma_transfer_number_get
    gd32f4xx_it.o(i.USART0_IRQHandler) refers to memseta.o(.text) for __aeabi_memclr
    gd32f4xx_it.o(i.USART0_IRQHandler) refers to memcpya.o(.text) for __aeabi_memcpy
    gd32f4xx_it.o(i.USART0_IRQHandler) refers to gd32f4xx_dma.o(i.dma_flag_clear) for dma_flag_clear
    gd32f4xx_it.o(i.USART0_IRQHandler) refers to gd32f4xx_dma.o(i.dma_transfer_number_config) for dma_transfer_number_config
    gd32f4xx_it.o(i.USART0_IRQHandler) refers to gd32f4xx_dma.o(i.dma_channel_enable) for dma_channel_enable
    gd32f4xx_it.o(i.USART0_IRQHandler) refers to usart_app.o(.bss) for uart_dma_buffer
    gd32f4xx_it.o(i.USART0_IRQHandler) refers to mcu_cimc_gd32f470vet6.o(.bss) for rxbuffer
    gd32f4xx_it.o(i.USART0_IRQHandler) refers to usart_app.o(.data) for rx_flag
    gd32f4xx_it.o(i.USART1_IRQHandler) refers (Special) to systick_wrapper_ual.o(.text) for __ensure_systick_wrapper
    gd32f4xx_it.o(i.USART1_IRQHandler) refers to gd32f4xx_usart.o(i.usart_interrupt_flag_get) for usart_interrupt_flag_get
    gd32f4xx_it.o(i.USART1_IRQHandler) refers to gd32f4xx_usart.o(i.usart_data_receive) for usart_data_receive
    gd32f4xx_it.o(i.USART1_IRQHandler) refers to gd32f4xx_dma.o(i.dma_channel_disable) for dma_channel_disable
    gd32f4xx_it.o(i.USART1_IRQHandler) refers to gd32f4xx_dma.o(i.dma_transfer_number_get) for dma_transfer_number_get
    gd32f4xx_it.o(i.USART1_IRQHandler) refers to ota_uart.o(i.ota_uart_process_frame) for ota_uart_process_frame
    gd32f4xx_it.o(i.USART1_IRQHandler) refers to gd32f4xx_dma.o(i.dma_flag_clear) for dma_flag_clear
    gd32f4xx_it.o(i.USART1_IRQHandler) refers to gd32f4xx_dma.o(i.dma_transfer_number_config) for dma_transfer_number_config
    gd32f4xx_it.o(i.USART1_IRQHandler) refers to gd32f4xx_dma.o(i.dma_channel_enable) for dma_channel_enable
    gd32f4xx_it.o(i.USART1_IRQHandler) refers to mcu_cimc_gd32f470vet6.o(.bss) for rs_rxbuffer
    gd32f4xx_it.o(i.USART1_IRQHandler) refers to usart_app.o(.data) for rs_rx_len
    gd32f4xx_it.o(i.USART2_IRQHandler) refers (Special) to systick_wrapper_ual.o(.text) for __ensure_systick_wrapper
    gd32f4xx_it.o(i.USART2_IRQHandler) refers to gd32f4xx_usart.o(i.usart_interrupt_flag_get) for usart_interrupt_flag_get
[...]
    rcu_osci_on                              0x0801a039   Thumb Code    32  gd32f4xx_rcu.o(i.rcu_osci_on)
    rcu_osci_stab_wait                       0x0801a05d   Thumb Code   342  gd32f4xx_rcu.o(i.rcu_osci_stab_wait)
    rcu_periph_clock_enable                  0x0801a1b9   Thumb Code    32  gd32f4xx_rcu.o(i.rcu_periph_clock_enable)
    rcu_periph_reset_disable                 0x0801a1dd   Thumb Code    32  gd32f4xx_rcu.o(i.rcu_periph_reset_disable)
    rcu_periph_reset_enable                  0x0801a201   Thumb Code    32  gd32f4xx_rcu.o(i.rcu_periph_reset_enable)
    rcu_rtc_clock_config                     0x0801a225   Thumb Code    18  gd32f4xx_rcu.o(i.rcu_rtc_clock_config)
    ring_buffer_available                    0x0801a2f1   Thumb Code    44  ring_buffer.o(i.ring_buffer_available)
    ring_buffer_drop                         0x0801a31d   Thumb Code    58  ring_buffer.o(i.ring_buffer_drop)
    ring_buffer_free                         0x0801a357   Thumb Code    32  ring_buffer.o(i.ring_buffer_free)
    ring_buffer_init                         0x0801a377   Thumb Code    18  ring_buffer.o(i.ring_buffer_init)
    ring_buffer_peek                         0x0801a389   Thumb Code    82  ring_buffer.o(i.ring_buffer_peek)
    ring_buffer_read                         0x0801a3db   Thumb Code    86  ring_buffer.o(i.ring_buffer_read)
    ring_buffer_write                        0x0801a431   Thumb Code    68  ring_buffer.o(i.ring_buffer_write)
    rs_usart_send                            0x0801a475   Thumb Code    88  usart_app.o(i.rs_usart_send)
    rtc_alarm_config                         0x0801a4d5   Thumb Code    94  gd32f4xx_rtc.o(i.rtc_alarm_config)
    rtc_alarm_disable                        0x0801a539   Thumb Code   122  gd32f4xx_rtc.o(i.rtc_alarm_disable)
    rtc_alarm_enable                         0x0801a5b9   Thumb Code    56  gd32f4xx_rtc.o(i.rtc_alarm_enable)
    rtc_current_time_get                     0x0801a5f5   Thumb Code    96  gd32f4xx_rtc.o(i.rtc_current_time_get)
    rtc_flag_clear                           0x0801a659   Thumb Code    12  gd32f4xx_rtc.o(i.rtc_flag_clear)
    rtc_flag_get                             0x0801a669   Thumb Code    16  gd32f4xx_rtc.o(i.rtc_flag_get)
    rtc_init                                 0x0801a67d   Thumb Code   190  gd32f4xx_rtc.o(i.rtc_init)
    rtc_init_mode_enter                      0x0801a741   Thumb Code    66  gd32f4xx_rtc.o(i.rtc_init_mode_enter)
    rtc_init_mode_exit                       0x0801a789   Thumb Code    14  gd32f4xx_rtc.o(i.rtc_init_mode_exit)
    rtc_interrupt_disable                    0x0801a79d   Thumb Code    54  gd32f4xx_rtc.o(i.rtc_interrupt_disable)
    rtc_interrupt_enable                     0x0801a7d9   Thumb Code    54  gd32f4xx_rtc.o(i.rtc_interrupt_enable)
    rtc_register_sync_wait                   0x0801a815   Thumb Code    92  gd32f4xx_rtc.o(i.rtc_register_sync_wait)
    rtc_task                                 0x0801a875   Thumb Code    10  rtc_app.o(i.rtc_task)
    scheduler_init                           0x0801a885   Thumb Code     8  scheduler.o(i.scheduler_init)
    scheduler_run                            0x0801a891   Thumb Code    78  scheduler.o(i.scheduler_run)
    sd_block_read                            0x0801a8e9   Thumb Code   500  sdio_sdcard.o(i.sd_block_read)
    sd_block_write                           0x0801ab01   Thumb Code   760  sdio_sdcard.o(i.sd_block_write)
    sd_bus_mode_config                       0x0801ae21   Thumb Code   144  sdio_sdcard.o(i.sd_bus_mode_config)
    sd_card_capacity_get                     0x0801afb1   Thumb Code   160  sdio_sdcard.o(i.sd_card_capacity_get)
    sd_card_information_get                  0x0801b059   Thumb Code   686  sdio_sdcard.o(i.sd_card_information_get)
    sd_card_init                             0x0801b319   Thumb Code   268  sdio_sdcard.o(i.sd_card_init)
    sd_card_select_deselect                  0x0801b435   Thumb Code    38  sdio_sdcard.o(i.sd_card_select_deselect)
    sd_cardstatus_get                        0x0801b515   Thumb Code    66  sdio_sdcard.o(i.sd_cardstatus_get)
    sd_fatfs_init                            0x0801b575   Thumb Code    14  sd_app.o(i.sd_fatfs_init)
    sd_fatfs_test                            0x0801b7a5   Thumb Code   318  sd_app.o(i.sd_fatfs_test)
    sd_init                                  0x0801ba41   Thumb Code    70  sdio_sdcard.o(i.sd_init)
    sd_interrupts_process                    0x0801ba89   Thumb Code   286  sdio_sdcard.o(i.sd_interrupts_process)
    sd_multiblocks_read                      0x0801bbb9   Thumb Code   632  sdio_sdcard.o(i.sd_multiblocks_read)
    sd_multiblocks_write                     0x0801be55   Thumb Code   878  sdio_sdcard.o(i.sd_multiblocks_write)
    sd_power_off                             0x0801c1ed   Thumb Code    14  sdio_sdcard.o(i.sd_power_off)
    sd_power_on                              0x0801c1fd   Thumb Code   290  sdio_sdcard.o(i.sd_power_on)
    sd_transfer_mode_config                  0x0801c485   Thumb Code    20  sdio_sdcard.o(i.sd_transfer_mode_config)
    sd_transfer_stop                         0x0801c49d   Thumb Code    36  sdio_sdcard.o(i.sd_transfer_stop)
    sdio_bus_mode_set                        0x0801c4c1   Thumb Code    22  gd32f4xx_sdio.o(i.sdio_bus_mode_set)
    sdio_clock_config                        0x0801c4dd   Thumb Code    44  gd32f4xx_sdio.o(i.sdio_clock_config)
    sdio_clock_disable                       0x0801c511   Thumb Code    14  gd32f4xx_sdio.o(i.sdio_clock_disable)
    sdio_clock_enable                        0x0801c525   Thumb Code    14  gd32f4xx_sdio.o(i.sdio_clock_enable)
    sdio_command_index_get                   0x0801c539   Thumb Code     8  gd32f4xx_sdio.o(i.sdio_command_index_get)
    sdio_command_response_config             0x0801c545   Thumb Code    52  gd32f4xx_sdio.o(i.sdio_command_response_config)
    sdio_csm_enable                          0x0801c57d   Thumb Code    14  gd32f4xx_sdio.o(i.sdio_csm_enable)
    sdio_data_config                         0x0801c591   Thumb Code    54  gd32f4xx_sdio.o(i.sdio_data_config)
    sdio_data_read                           0x0801c5cd   Thumb Code     6  gd32f4xx_sdio.o(i.sdio_data_read)
    sdio_data_transfer_config                0x0801c5d9   Thumb Code    24  gd32f4xx_sdio.o(i.sdio_data_transfer_config)
    sdio_data_write                          0x0801c5f5   Thumb Code     6  gd32f4xx_sdio.o(i.sdio_data_write)
    sdio_deinit                              0x0801c601   Thumb Code    20  gd32f4xx_sdio.o(i.sdio_deinit)
    sdio_dma_disable                         0x0801c615   Thumb Code    14  gd32f4xx_sdio.o(i.sdio_dma_disable)
    sdio_dma_enable                          0x0801c629   Thumb Code    14  gd32f4xx_sdio.o(i.sdio_dma_enable)
    sdio_dsm_disable                         0x0801c63d   Thumb Code    14  gd32f4xx_sdio.o(i.sdio_dsm_disable)
    sdio_dsm_enable                          0x0801c651   Thumb Code    14  gd32f4xx_sdio.o(i.sdio_dsm_enable)
    sdio_flag_clear                          0x0801c665   Thumb Code     6  gd32f4xx_sdio.o(i.sdio_flag_clear)
    sdio_flag_get                            0x0801c671   Thumb Code    16  gd32f4xx_sdio.o(i.sdio_flag_get)
    sdio_hardware_clock_disable              0x0801c685   Thumb Code    14  gd32f4xx_sdio.o(i.sdio_hardware_clock_disable)
    sdio_interrupt_disable                   0x0801c699   Thumb Code    12  gd32f4xx_sdio.o(i.sdio_interrupt_disable)
    sdio_interrupt_enable                    0x0801c6a9   Thumb Code    12  gd32f4xx_sdio.o(i.sdio_interrupt_enable)
    sdio_interrupt_flag_clear                0x0801c6b9   Thumb Code     6  gd32f4xx_sdio.o(i.sdio_interrupt_flag_clear)
    sdio_interrupt_flag_get                  0x0801c6c5   Thumb Code    16  gd32f4xx_sdio.o(i.sdio_interrupt_flag_get)
    sdio_power_state_get                     0x0801c6d9   Thumb Code     6  gd32f4xx_sdio.o(i.sdio_power_state_get)
    sdio_power_state_set                     0x0801c6e5   Thumb Code     6  gd32f4xx_sdio.o(i.sdio_power_state_set)
    sdio_response_get                        0x0801c6f1   Thumb Code    56  gd32f4xx_sdio.o(i.sdio_response_get)
    sdio_wait_type_set                       0x0801c72d   Thumb Code    22  gd32f4xx_sdio.o(i.sdio_wait_type_set)
    spi_disable                              0x0801c749   Thumb Code    10  gd32f4xx_spi.o(i.spi_disable)
    spi_dma_disable                          0x0801c753   Thumb Code    22  gd32f4xx_spi.o(i.spi_dma_disable)
    spi_dma_enable                           0x0801c769   Thumb Code    22  gd32f4xx_spi.o(i.spi_dma_enable)
    spi_enable                               0x0801c77f   Thumb Code    10  gd32f4xx_spi.o(i.spi_enable)
    spi_flash_buffer_read                    0x0801c789   Thumb Code    80  gd25qxx.o(i.spi_flash_buffer_read)
    spi_flash_buffer_write                   0x0801c7dd   Thumb Code   290  gd25qxx.o(i.spi_flash_buffer_write)
    spi_flash_init                           0x0801c901   Thumb Code    20  gd25qxx.o(i.spi_flash_init)
    spi_flash_page_write                     0x0801c91d   Thumb Code    86  gd25qxx.o(i.spi_flash_page_write)
    spi_flash_sector_erase                   0x0801c979   Thumb Code    62  gd25qxx.o(i.spi_flash_sector_erase)
    spi_flash_send_byte_dma                  0x0801c9bd   Thumb Code   236  gd25qxx.o(i.spi_flash_send_byte_dma)
    spi_flash_wait_for_write_end             0x0801cab9   Thumb Code    50  gd25qxx.o(i.spi_flash_wait_for_write_end)
    spi_flash_write_enable                   0x0801caf1   Thumb Code    30  gd25qxx.o(i.spi_flash_write_enable)
    spi_gd30ad3344_send_halfword_dma         0x0801cb15   Thumb Code   272  gd30ad3344.o(i.spi_gd30ad3344_send_halfword_dma)
    spi_init                                 0x0801cc39   Thumb Code    50  gd32f4xx_spi.o(i.spi_init)
    sys_alarm_clear_all                      0x0801cd55   Thumb Code    18  sys_alarm.o(i.sys_alarm_clear_all)
    sys_alarm_count                          0x0801cd6d   Thumb Code     6  sys_alarm.o(i.sys_alarm_count)
    sys_alarm_format_record                  0x0801cd79   Thumb Code   202  sys_alarm.o(i.sys_alarm_format_record)
    sys_alarm_get_mode                       0x0801ce45   Thumb Code     6  sys_alarm.o(i.sys_alarm_get_mode)
    sys_alarm_get_record                     0x0801ce51   Thumb Code    86  sys_alarm.o(i.sys_alarm_get_record)
    sys_alarm_init                           0x0801ceb1   Thumb Code     8  sys_alarm.o(i.sys_alarm_init)
    sys_alarm_set_mode                       0x0801ceb9   Thumb Code    30  sys_alarm.o(i.sys_alarm_set_mode)
    sys_alarm_tick                           0x0801cedd   Thumb Code    64  sys_alarm.o(i.sys_alarm_tick)
    sys_baudrate_apply                       0x0801cf1d   Thumb Code    52  sys_baudrate.o(i.sys_baudrate_apply)
    sys_baudrate_code_to_value               0x0801cf55   Thumb Code    48  sys_baudrate.o(i.sys_baudrate_code_to_value)
    sys_dac_get_raw                          0x0801cf85   Thumb Code     6  sys_dac.o(i.sys_dac_get_raw)
    sys_dac_restore_raw                      0x0801cf91   Thumb Code    32  sys_dac.o(i.sys_dac_restore_raw)
    sys_dac_set_raw                          0x0801cfb9   Thumb Code    36  sys_dac.o(i.sys_dac_set_raw)
    sys_device_clear_startup_hb              0x0801cfe5   Thumb Code     8  sys_device.o(i.sys_device_clear_startup_hb)
    sys_device_get_baudrate_code             0x0801cff1   Thumb Code     6  sys_device.o(i.sys_device_get_baudrate_code)
    sys_device_get_fw_version                0x0801cffd   Thumb Code    24  sys_device.o(i.sys_device_get_fw_version)
    sys_device_get_id                        0x0801d015   Thumb Code     6  sys_device.o(i.sys_device_get_id)
    sys_device_reboot_if_pending             0x0801d021   Thumb Code    54  sys_device.o(i.sys_device_reboot_if_pending)
    sys_device_request_reboot                0x0801d069   Thumb Code     8  sys_device.o(i.sys_device_request_reboot)
    sys_device_set_baudrate_code             0x0801d075   Thumb Code    14  sys_device.o(i.sys_device_set_baudrate_code)
    sys_device_set_id                        0x0801d089   Thumb Code    14  sys_device.o(i.sys_device_set_id)
    sys_device_startup_hb_pending            0x0801d09d   Thumb Code     6  sys_device.o(i.sys_device_startup_hb_pending)
    sys_ota_feed                             0x0801d0a9   Thumb Code    82  sys_ota.o(i.sys_ota_feed)
    sys_ota_init                             0x0801d111   Thumb Code    24  sys_ota.o(i.sys_ota_init)
    sys_ota_is_verifying                     0x0801d13d   Thumb Code    14  sys_ota.o(i.sys_ota_is_verifying)
    sys_ota_request_verify                   0x0801d151   Thumb Code    34  sys_ota.o(i.sys_ota_request_verify)
    sys_ota_take_pending_response            0x0801d189   Thumb Code    98  sys_ota.o(i.sys_ota_take_pending_response)
    sys_ota_tick                             0x0801d1fd   Thumb Code    92  sys_ota.o(i.sys_ota_tick)
    sys_param_get_ch0_ratio                  0x0801d271   Thumb Code     8  sys_param.o(i.sys_param_get_ch0_ratio)
    sys_param_get_ch0_thresh                 0x0801d27d   Thumb Code     8  sys_param.o(i.sys_param_get_ch0_thresh)
    sys_param_get_ch1_ratio                  0x0801d289   Thumb Code     8  sys_param.o(i.sys_param_get_ch1_ratio)
    sys_param_get_ch1_thresh                 0x0801d295   Thumb Code     8  sys_param.o(i.sys_param_get_ch1_thresh)
    sys_param_set_ch0_ratio                  0x0801d2a1   Thumb Code    26  sys_param.o(i.sys_param_set_ch0_ratio)
    sys_param_set_ch0_thresh                 0x0801d2c1   Thumb Code    26  sys_param.o(i.sys_param_set_ch0_thresh)
    sys_param_set_ch1_ratio                  0x0801d2e1   Thumb Code    26  sys_param.o(i.sys_param_set_ch1_ratio)
    sys_param_set_ch1_thresh                 0x0801d301   Thumb Code    26  sys_param.o(i.sys_param_set_ch1_thresh)
    sys_pt100_get_temp                       0x0801d321   Thumb Code    88  sys_pt100.o(i.sys_pt100_get_temp)
    sys_report_get_interval_code             0x0801d38d   Thumb Code     6  sys_report.o(i.sys_report_get_interval_code)
    sys_report_is_enabled                    0x0801d399   Thumb Code     6  sys_report.o(i.sys_report_is_enabled)
    sys_report_mark_sent                     0x0801d3a5   Thumb Code     6  sys_report.o(i.sys_report_mark_sent)
    sys_report_set_interval_code             0x0801d3b1   Thumb Code    36  sys_report.o(i.sys_report_set_interval_code)
    sys_report_should_send                   0x0801d3dd   Thumb Code    34  sys_report.o(i.sys_report_should_send)
    sys_report_start                         0x0801d40d   Thumb Code    12  sys_report.o(i.sys_report_start)
    sys_report_stop                          0x0801d421   Thumb Code     8  sys_report.o(i.sys_report_stop)
    sys_sample_get_ch0                       0x0801d42d   Thumb Code    32  sys_sample.o(i.sys_sample_get_ch0)
    sys_sample_get_ch1                       0x0801d451   Thumb Code    34  sys_sample.o(i.sys_sample_get_ch1)
    sys_sleep_execute_if_pending             0x0801d475   Thumb Code    72  sys_sleep.o(i.sys_sleep_execute_if_pending)
    sys_sleep_request                        0x0801d4d9   Thumb Code    20  sys_sleep.o(i.sys_sleep_request)
    sys_storage_init                         0x0801d4f5   Thumb Code   152  sys_storage.o(i.sys_storage_init)
    sys_storage_save                         0x0801d595   Thumb Code   136  sys_storage.o(i.sys_storage_save)
    sys_time_bcd_to_dec                      0x0801d625   Thumb Code    12  sys_time.o(i.sys_time_bcd_to_dec)
    sys_time_dec_to_bcd                      0x0801d631   Thumb Code    12  sys_time.o(i.sys_time_dec_to_bcd)
    sys_time_format_utc                      0x0801d63d   Thumb Code   318  sys_time.o(i.sys_time_format_utc)
    sys_time_get_utc_seconds                 0x0801d781   Thumb Code   180  sys_time.o(i.sys_time_get_utc_seconds)
    sys_time_set_utc_seconds                 0x0801d841   Thumb Code   280  sys_time.o(i.sys_time_set_utc_seconds)
    syscfg_exti_line_config                  0x0801d961   Thumb Code   166  gd32f4xx_syscfg.o(i.syscfg_exti_line_config)
    systick_config                           0x0801db25   Thumb Code    74  systick.o(i.systick_config)
    timer5_config                            0x0801db75   Thumb Code    68  mcu_cimc_gd32f470vet6.o(i.timer5_config)
    timer_deinit                             0x0801dbbd   Thumb Code   374  gd32f4xx_timer.o(i.timer_deinit)
    timer_disable                            0x0801dd41   Thumb Code    10  gd32f4xx_timer.o(i.timer_disable)
    timer_enable                             0x0801dd4b   Thumb Code    10  gd32f4xx_timer.o(i.timer_enable)
    timer_init                               0x0801dd55   Thumb Code   122  gd32f4xx_timer.o(i.timer_init)
    timer_master_output_trigger_source_select 0x0801dded   Thumb Code    16  gd32f4xx_timer.o(i.timer_master_output_trigger_source_select)
    timer_struct_para_init                   0x0801ddfd   Thumb Code    22  gd32f4xx_timer.o(i.timer_struct_para_init)
    uart_task                                0x0801de15   Thumb Code   284  usart_app.o(i.uart_task)
    update_perf_counter                      0x0801df4d   Thumb Code    94  perf_counter.o(i.update_perf_counter)
    usart_baudrate_set                       0x0801dfc1   Thumb Code   224  gd32f4xx_usart.o(i.usart_baudrate_set)
    usart_data_receive                       0x0801e0a9   Thumb Code    10  gd32f4xx_usart.o(i.usart_data_receive)
    usart_data_transmit                      0x0801e0b3   Thumb Code     8  gd32f4xx_usart.o(i.usart_data_transmit)
    usart_deinit                             0x0801e0bd   Thumb Code   210  gd32f4xx_usart.o(i.usart_deinit)
    usart_disable                            0x0801e199   Thumb Code    10  gd32f4xx_usart.o(i.usart_disable)
    usart_dma_receive_config                 0x0801e1a3   Thumb Code    20  gd32f4xx_usart.o(i.usart_dma_receive_config)
    usart_enable                             0x0801e1b7   Thumb Code    10  gd32f4xx_usart.o(i.usart_enable)
    usart_flag_clear                         0x0801e1c1   Thumb Code    52  gd32f4xx_usart.o(i.usart_flag_clear)
    usart_flag_get                           0x0801e1f5   Thumb Code    32  gd32f4xx_usart.o(i.usart_flag_get)
    usart_interrupt_disable                  0x0801e215   Thumb Code    26  gd32f4xx_usart.o(i.usart_interrupt_disable)
    usart_interrupt_enable                   0x0801e22f   Thumb Code    26  gd32f4xx_usart.o(i.usart_interrupt_enable)
    usart_interrupt_flag_get                 0x0801e249   Thumb Code    58  gd32f4xx_usart.o(i.usart_interrupt_flag_get)
    usart_receive_config                     0x0801e283   Thumb Code    16  gd32f4xx_usart.o(i.usart_receive_config)
    usart_transmit_config                    0x0801e293   Thumb Code    16  gd32f4xx_usart.o(i.usart_transmit_config)
    F6X8                                     0x0801e2cc   Data         552  oled.o(.constdata)
    Hzk                                      0x0801eae4   Data         128  oled.o(.constdata)
    Hzb                                      0x0801eb64   Data         512  oled.o(.constdata)
    Region$$Table$$Base                      0x0801f414   Number         0  anon$$obj.o(Region$$Table)
    Region$$Table$$Limit                     0x0801f434   Number         0  anon$$obj.o(Region$$Table)
    SHT$$INIT_ARRAY$$Base                    0x0801f434   Number         0  perf_counter.o(.init_array)
    SHT$$INIT_ARRAY$$Limit                   0x0801f438   Number         0  cpp_init.o(.init_array)
    oled_cmd_buf                             0x20000004   Data           2  mcu_cimc_gd32f470vet6.o(.data)
    oled_data_buf                            0x20000006   Data           2  mcu_cimc_gd32f470vet6.o(.data)
    adc_value                                0x20000008   Data           4  mcu_cimc_gd32f470vet6.o(.data)
    convertarr                               0x2000000c   Data           2  mcu_cimc_gd32f470vet6.o(.data)
    prescaler_a                              0x20000010   Data           4  mcu_cimc_gd32f470vet6.o(.data)
    prescaler_s                              0x20000014   Data           4  mcu_cimc_gd32f470vet6.o(.data)
    RTCSRC_FLAG                              0x20000018   Data           4  mcu_cimc_gd32f470vet6.o(.data)
    GD30AD3344_InitStruct                    0x2000001c   Data           2  gd30ad3344.o(.data)
    s_oled_available                         0x2000001e   Data           1  oled.o(.data)
    initcmd1                                 0x2000001f   Data          22  oled.o(.data)
    sd_scr                                   0x20000038   Data           8  sdio_sdcard.o(.data)
    task_num                                 0x20000128   Data           1  scheduler.o(.data)
    tx_count                                 0x20000174   Data           2  usart_app.o(.data)
    rx_flag                                  0x20000176   Data           1  usart_app.o(.data)
    rs_rx_flag                               0x20000177   Data           1  usart_app.o(.data)
    rs_rx_len                                0x20000178   Data           2  usart_app.o(.data)
    i                                        0x2000017c   Data           2  sd_app.o(.data)
    count                                    0x2000017e   Data           2  sd_app.o(.data)
    result                                   0x20000180   Data           2  sd_app.o(.data)
    br                                       0x20000184   Data           4  sd_app.o(.data)
    bw                                       0x20000188   Data           4  sd_app.o(.data)
    SystemCoreClock                          0x200001d8   Data           4  system_gd32f4xx.o(.data)
    g_lLastTimeStamp                         0x200001e0   Data           8  perf_counter.o(.data)
    g_nOffset                                0x200001f0   Data           4  perf_counter.o(.data)
    gd30_send_array                          0x20000224   Data          12  mcu_cimc_gd32f470vet6.o(.bss)
    gd30_receive_array                       0x20000230   Data          12  mcu_cimc_gd32f470vet6.o(.bss)
    spi1_send_array                          0x2000023c   Data          12  mcu_cimc_gd32f470vet6.o(.bss)
    spi1_receive_array                       0x20000248   Data          12  mcu_cimc_gd32f470vet6.o(.bss)
    rxbuffer                                 0x20000254   Data         512  mcu_cimc_gd32f470vet6.o(.bss)
    rs_rxbuffer                              0x20000454   Data         256  mcu_cimc_gd32f470vet6.o(.bss)
    ttl_rxbuffer                             0x20000554   Data         256  mcu_cimc_gd32f470vet6.o(.bss)
    rtc_initpara                             0x20000654   Data          20  mcu_cimc_gd32f470vet6.o(.bss)
    rtc_alarm                                0x20000668   Data          16  mcu_cimc_gd32f470vet6.o(.bss)
    uart_dma_buffer                          0x200006d4   Data         512  usart_app.o(.bss)
    fs                                       0x200008d4   Data         560  sd_app.o(.bss)
    fdst                                     0x20000b04   Data         548  sd_app.o(.bss)
    sd_cardinfo                              0x20000d28   Data          72  sd_app.o(.bss)
    buffer                                   0x20000d70   Data         128  sd_app.o(.bss)
    filebuffer                               0x20000df0   Data         128  sd_app.o(.bss)
    __initial_sp                             0x2000beb0   Data           0  startup_gd32f450_470.o(STACK)



==============================================================================

Memory Map of the image

  Image Entry point : 0x080111ad

  Load Region LR_IROM1 (Base: 0x08011000, Size: 0x0000e65c, Max: 0x00020000, ABSOLUTE, COMPRESSED[0x0000e4c4])

    Execution Region ER_IROM1 (Exec base: 0x08011000, Load base: 0x08011000, Size: 0x0000e438, Max: 0x00020000, ABSOLUTE)

    Exec Addr    Load Addr    Size         Type   Attr      Idx    E Section Name        Object

    0x08011000   0x08011000   0x000001ac   Data   RO         9485    RESET               startup_gd32f450_470.o
    0x080111ac   0x080111ac   0x00000000   Code   RO         9887  * .ARM.Collect$$$$00000000  mc_w.l(entry.o)
    0x080111ac   0x080111ac   0x00000004   Code   RO        10206    .ARM.Collect$$$$00000001  mc_w.l(entry2.o)
    0x080111b0   0x080111b0   0x00000004   Code   RO        10209    .ARM.Collect$$$$00000004  mc_w.l(entry5.o)
    0x080111b4   0x080111b4   0x00000000   Code   RO        10211    .ARM.Collect$$$$00000008  mc_w.l(entry7b.o)
    0x080111b4   0x080111b4   0x00000004   Code   RO        10212    .ARM.Collect$$$$00000009  mc_w.l(entry8a.o)
    0x080111b8   0x080111b8   0x00000000   Code   RO        10213    .ARM.Collect$$$$0000000A  mc_w.l(entry8b.o)
    0x080111b8   0x080111b8   0x00000008   Code   RO        10214    .ARM.Collect$$$$0000000B  mc_w.l(entry9a.o)
    0x080111c0   0x080111c0   0x00000000   Code   RO        10216    .ARM.Collect$$$$0000000D  mc_w.l(entry10a.o)
    0x080111c0   0x080111c0   0x00000000   Code   RO        10218    .ARM.Collect$$$$0000000F  mc_w.l(entry11a.o)
    0x080111c0   0x080111c0   0x00000004   Code   RO        10207    .ARM.Collect$$$$00002712  mc_w.l(entry2.o)
    0x080111c4   0x080111c4   0x00000130   Code   RO         3755    .ramfunc            ota_uart.o
    0x080112f4   0x080112f4   0x00000024   Code   RO         9486    .text               startup_gd32f450_470.o
    0x08011318   0x08011318   0x00000020   Code   RO         9871    .text               systick_wrapper_ual.o
    0x08011338   0x08011338   0x00000062   Code   RO         9890    .text               mc_w.l(ldiv.o)
    0x0801139a   0x0801139a   0x00000024   Code   RO         9892    .text               mc_w.l(memcpya.o)
    0x080113be   0x080113be   0x00000024   Code   RO         9894    .text               mc_w.l(memseta.o)
    0x080113e2   0x080113e2   0x0000000e   Code   RO         9898    .text               mc_w.l(strlen.o)
    0x080113f0   0x080113f0   0x0000001a   Code   RO         9900    .text               mc_w.l(memcmp.o)
    0x0801140a   0x0801140a   0x00000002   PAD
    0x0801140c   0x0801140c   0x00000020   Code   RO        10202    .text               mc_w.l(cpp_init.o)
    0x0801142c   0x0801142c   0x00000026   Code   RO        10204    .text               mf_w.l(f2d.o)
    0x08011452   0x08011452   0x0000002c   Code   RO        10221    .text               mc_w.l(uidiv.o)
    0x0801147e   0x0801147e   0x00000062   Code   RO        10223    .text               mc_w.l(uldiv.o)
    0x080114e0   0x080114e0   0x00000000   Code   RO        10234    .text               mc_w.l(iusefp.o)
    0x080114e0   0x080114e0   0x0000014e   Code   RO        10235    .text               mf_w.l(dadd.o)
    0x0801162e   0x0801162e   0x000000e4   Code   RO        10237    .text               mf_w.l(dmul.o)
    0x08011712   0x08011712   0x000000de   Code   RO        10239    .text               mf_w.l(ddiv.o)
    0x080117f0   0x080117f0   0x00000030   Code   RO        10241    .text               mf_w.l(dfixul.o)
    0x08011820   0x08011820   0x00000030   Code   RO        10243    .text               mf_w.l(cdrcmple.o)
    0x08011850   0x08011850   0x00000024   Code   RO        10245    .text               mc_w.l(init.o)
    0x08011874   0x08011874   0x0000001e   Code   RO        10247    .text               mc_w.l(llshl.o)
    0x08011892   0x08011892   0x00000020   Code   RO        10249    .text               mc_w.l(llushr.o)
    0x080118b2   0x080118b2   0x00000024   Code   RO        10251    .text               mc_w.l(llsshr.o)
    0x080118d6   0x080118d6   0x000000ba   Code   RO        10253    .text               mf_w.l(depilogue.o)
    0x08011990   0x08011990   0x00000056   Code   RO        10263    .text               mc_w.l(__dczerorl2.o)
    0x080119e6   0x080119e6   0x00000002   PAD
    0x080119e8   0x080119e8   0x0000005c   Code   RO         1545    i.ADS118_PGA_SET    gd30ad3344.o
    0x08011a44   0x08011a44   0x00000004   Code   RO            4    i.BusFault_Handler  gd32f4xx_it.o
    0x08011a48   0x08011a48   0x00000004   Code   RO            5    i.DebugMon_Handler  gd32f4xx_it.o
    0x08011a4c   0x08011a4c   0x00000012   Code   RO            6    i.EXTI0_IRQHandler  gd32f4xx_it.o
    0x08011a5e   0x08011a5e   0x00000002   PAD
    0x08011a60   0x08011a60   0x000000c8   Code   RO         1546    i.GD30AD3344_AD_Read  gd30ad3344.o
    0x08011b28   0x08011b28   0x00000164   Code   RO         1547    i.GD30AD3344_Init   gd30ad3344.o
    0x08011c8c   0x08011c8c   0x00000004   Code   RO            7    i.HardFault_Handler  gd32f4xx_it.o
    0x08011c90   0x08011c90   0x000000fc   Code   RO         1612    i.I2C_Bus_Reset     oled.o
    0x08011d8c   0x08011d8c   0x00000004   Code   RO            8    i.MemManage_Handler  gd32f4xx_it.o
    0x08011d90   0x08011d90   0x00000004   Code   RO            9    i.NMI_Handler       gd32f4xx_it.o
    0x08011d94   0x08011d94   0x00000038   Code   RO         1614    i.OLED_Clear        oled.o
    0x08011dcc   0x08011dcc   0x00000016   Code   RO         1615    i.OLED_Display_Off  oled.o
    0x08011de2   0x08011de2   0x00000002   PAD
    0x08011de4   0x08011de4   0x00000044   Code   RO         1617    i.OLED_Init         oled.o
    0x08011e28   0x08011e28   0x00000024   Code   RO         1619    i.OLED_Set_Position  oled.o
    0x08011e4c   0x08011e4c   0x0000009c   Code   RO         1620    i.OLED_ShowChar     oled.o
    0x08011ee8   0x08011ee8   0x0000003a   Code   RO         1626    i.OLED_ShowStr      oled.o
    0x08011f22   0x08011f22   0x00000002   PAD
    0x08011f24   0x08011f24   0x00000180   Code   RO         1627    i.OLED_Write_cmd    oled.o
    0x080120a4   0x080120a4   0x00000180   Code   RO         1628    i.OLED_Write_data   oled.o
    0x08012224   0x08012224   0x00000004   Code   RO           10    i.PendSV_Handler    gd32f4xx_it.o
    0x08012228   0x08012228   0x0000001e   Code   RO         3405    i.RTC_Alarm_IRQHandler  sys_sleep.o
    0x08012246   0x08012246   0x00000008   Code   RO           11    i.SDIO_IRQHandler   gd32f4xx_it.o
    0x0801224e   0x0801224e   0x00000004   Code   RO           12    i.SVC_Handler       gd32f4xx_it.o
    0x08012252   0x08012252   0x00000008   Code   RO           13    i.SysTick_Handler   gd32f4xx_it.o
    0x0801225a   0x0801225a   0x00000002   PAD
    0x0801225c   0x0801225c   0x00000110   Code   RO         9493    i.SystemCoreClockUpdate  system_gd32f4xx.o
    0x0801236c   0x0801236c   0x0000017c   Code   RO         9494    i.SystemInit        system_gd32f4xx.o
    0x080124e8   0x080124e8   0x00000098   Code   RO           14    i.USART0_IRQHandler  gd32f4xx_it.o
    0x08012580   0x08012580   0x00000074   Code   RO           15    i.USART1_IRQHandler  gd32f4xx_it.o
    0x080125f4   0x080125f4   0x00000048   Code   RO           16    i.USART2_IRQHandler  gd32f4xx_it.o
    0x0801263c   0x0801263c   0x00000004   Code   RO           17    i.UsageFault_Handler  gd32f4xx_it.o
    0x08012640   0x08012640   0x00000028   Code   RO        10145    i.__0sprintf        mc_w.l(printfa.o)
    0x08012668   0x08012668   0x0000002c   Code   RO        10148    i.__0vsnprintf      mc_w.l(printfa.o)
    0x08012694   0x08012694   0x00000028   Code   RO          371    i.__NVIC_SetPriority  systick.o
    0x080126bc   0x080126bc   0x00000028   Code   RO         3756    i.__NVIC_SystemReset  ota_uart.o
    0x080126e4   0x080126e4   0x0000003a   Code   RO         9875    i.__hardfp_sqrtf    m_wm.l(sqrtf.o)
    0x0801271e   0x0801271e   0x0000000a   Code   RO         9555    i.__perf_counter_init  perf_counter.o
    0x08012728   0x08012728   0x00000002   Code   RO         9556    i.__perf_os_patch_init  perf_counter.o
    0x0801272a   0x0801272a   0x0000000e   Code   RO        10257    i.__scatterload_copy  mc_w.l(handlers.o)
    0x08012738   0x08012738   0x00000002   Code   RO        10258    i.__scatterload_null  mc_w.l(handlers.o)
    0x0801273a   0x0801273a   0x0000000e   Code   RO        10259    i.__scatterload_zeroinit  mc_w.l(handlers.o)
    0x08012748   0x08012748   0x0000000c   Code   RO        10229    i.__set_errno       mc_w.l(errno.o)
    0x08012754   0x08012754   0x00000184   Code   RO        10150    i._fp_digits        mc_w.l(printfa.o)
    0x080128d8   0x080128d8   0x000006dc   Code   RO        10151    i._printf_core      mc_w.l(printfa.o)
    0x08012fb4   0x08012fb4   0x00000024   Code   RO        10152    i._printf_post_padding  mc_w.l(printfa.o)
    0x08012fd8   0x08012fd8   0x0000002e   Code   RO        10153    i._printf_pre_padding  mc_w.l(printfa.o)
    0x08013006   0x08013006   0x00000016   Code   RO        10154    i._snputc           mc_w.l(printfa.o)
    0x0801301c   0x0801301c   0x0000001c   Code   RO         9495    i._soft_delay_      system_gd32f4xx.o
    0x08013038   0x08013038   0x0000000a   Code   RO        10155    i._sputc            mc_w.l(printfa.o)
    0x08013042   0x08013042   0x0000002a   Code   RO         3898    i.adc_calibration_enable  gd32f4xx_adc.o
    0x0801306c   0x0801306c   0x00000052   Code   RO         3900    i.adc_channel_length_config  gd32f4xx_adc.o
    0x080130be   0x080130be   0x00000002   PAD
    0x080130c0   0x080130c0   0x00000024   Code   RO         3901    i.adc_clock_config  gd32f4xx_adc.o
    0x080130e4   0x080130e4   0x00000016   Code   RO         3902    i.adc_data_alignment_config  gd32f4xx_adc.o
    0x080130fa   0x080130fa   0x0000000a   Code   RO         3904    i.adc_disable       gd32f4xx_adc.o
    0x08013104   0x08013104   0x0000000a   Code   RO         3906    i.adc_dma_mode_disable  gd32f4xx_adc.o
    0x0801310e   0x0801310e   0x0000000a   Code   RO         3907    i.adc_dma_mode_enable  gd32f4xx_adc.o
    0x08013118   0x08013118   0x0000000a   Code   RO         3909    i.adc_dma_request_after_last_enable  gd32f4xx_adc.o
    0x08013122   0x08013122   0x00000012   Code   RO         3910    i.adc_enable        gd32f4xx_adc.o
    0x08013134   0x08013134   0x00000034   Code   RO         3912    i.adc_external_trigger_config  gd32f4xx_adc.o
    0x08013168   0x08013168   0x00000030   Code   RO         3913    i.adc_external_trigger_source_config  gd32f4xx_adc.o
    0x08013198   0x08013198   0x00000008   Code   RO         3914    i.adc_flag_clear    gd32f4xx_adc.o
    0x080131a0   0x080131a0   0x0000000e   Code   RO         3915    i.adc_flag_get      gd32f4xx_adc.o
    0x080131ae   0x080131ae   0x00000002   PAD
    0x080131b0   0x080131b0   0x00000024   Code   RO         3126    i.adc_raw_to_volt   sys_sample.o
    0x080131d4   0x080131d4   0x000000ac   Code   RO         3928    i.adc_routine_channel_config  gd32f4xx_adc.o
    0x08013280   0x08013280   0x00000008   Code   RO         3929    i.adc_routine_data_read  gd32f4xx_adc.o
    0x08013288   0x08013288   0x00000024   Code   RO         3931    i.adc_software_trigger_enable  gd32f4xx_adc.o
    0x080132ac   0x080132ac   0x0000005a   Code   RO         3932    i.adc_special_function_config  gd32f4xx_adc.o
    0x08013306   0x08013306   0x00000002   PAD
    0x08013308   0x08013308   0x00000024   Code   RO         3937    i.adc_sync_mode_config  gd32f4xx_adc.o
    0x0801332c   0x0801332c   0x00000018   Code   RO         2757    i.adc_task          adc_app.o
    0x08013344   0x08013344   0x00000010   Code   RO         3307    i.addr_of_record    sys_alarm.o
    0x08013354   0x08013354   0x00000024   Code   RO         2536    i.app_btn_init      btn_app.o
    0x08013378   0x08013378   0x00000040   Code   RO         3308    i.append_record     sys_alarm.o
    0x080133b8   0x080133b8   0x00000032   Code   RO         3583    i.ascii2byte        proto_frame.o
    0x080133ea   0x080133ea   0x00000014   Code   RO         2983    i.bcd_to_dec        sys_time.o
    0x080133fe   0x080133fe   0x00000002   PAD
    0x08013400   0x08013400   0x00000040   Code   RO         9560    i.before_cycle_counter_reconfiguration  perf_counter.o
    0x08013440   0x08013440   0x00000026   Code   RO         1765    i.bit_array_and     ebtn.o
    0x08013466   0x08013466   0x0000002e   Code   RO         1766    i.bit_array_assign  ebtn.o
    0x08013494   0x08013494   0x00000024   Code   RO         1767    i.bit_array_cmp     ebtn.o
    0x080134b8   0x080134b8   0x00000016   Code   RO         1768    i.bit_array_get     ebtn.o
    0x080134ce   0x080134ce   0x00000054   Code   RO         1769    i.bit_array_num_bits_set  ebtn.o
    0x08013522   0x08013522   0x00000026   Code   RO         1770    i.bit_array_or      ebtn.o
    0x08013548   0x08013548   0x0000001c   Code   RO         3165    i.blob_checksum     sys_storage.o
    0x08013564   0x08013564   0x00000088   Code   RO          530    i.bsp_adc1_init     mcu_cimc_gd32f470vet6.o
    0x080135ec   0x080135ec   0x00000034   Code   RO          531    i.bsp_adc1_read_ch1  mcu_cimc_gd32f470vet6.o
    0x08013620   0x08013620   0x0000012c   Code   RO          532    i.bsp_adc_init      mcu_cimc_gd32f470vet6.o
    0x0801374c   0x0801374c   0x00000050   Code   RO          533    i.bsp_btn_init      mcu_cimc_gd32f470vet6.o
    0x0801379c   0x0801379c   0x00000060   Code   RO          534    i.bsp_dac_init      mcu_cimc_gd32f470vet6.o
    0x080137fc   0x080137fc   0x00000048   Code   RO          535    i.bsp_deepsleep_reinit_after_wakeup  mcu_cimc_gd32f470vet6.o
    0x08013844   0x08013844   0x0000008c   Code   RO          536    i.bsp_enter_deepsleep  mcu_cimc_gd32f470vet6.o
    0x080138d0   0x080138d0   0x00000098   Code   RO          537    i.bsp_gd25qxx_init  mcu_cimc_gd32f470vet6.o
    0x08013968   0x08013968   0x000000a8   Code   RO          538    i.bsp_gd30ad3344_init  mcu_cimc_gd32f470vet6.o
    0x08013a10   0x08013a10   0x000001a4   Code   RO          539    i.bsp_gpio_enter_deepsleep_state  mcu_cimc_gd32f470vet6.o
    0x08013bb4   0x08013bb4   0x0000007c   Code   RO          540    i.bsp_led_init      mcu_cimc_gd32f470vet6.o
    0x08013c30   0x08013c30   0x00000038   Code   RO          541    i.bsp_oled_disable_for_deepsleep  mcu_cimc_gd32f470vet6.o
    0x08013c68   0x08013c68   0x000000f8   Code   RO          542    i.bsp_oled_init     mcu_cimc_gd32f470vet6.o
    0x08013d60   0x08013d60   0x00000140   Code   RO          543    i.bsp_rs_usart_init  mcu_cimc_gd32f470vet6.o
    0x08013ea0   0x08013ea0   0x00000034   Code   RO          544    i.bsp_rtc_init      mcu_cimc_gd32f470vet6.o
    0x08013ed4   0x08013ed4   0x0000003c   Code   RO          545    i.bsp_rtc_pre_cfg   mcu_cimc_gd32f470vet6.o
    0x08013f10   0x08013f10   0x00000060   Code   RO          546    i.bsp_rtc_setup     mcu_cimc_gd32f470vet6.o
    0x08013f70   0x08013f70   0x00000028   Code   RO          547    i.bsp_sdio_disable_for_deepsleep  mcu_cimc_gd32f470vet6.o
    0x08013f98   0x08013f98   0x0000007c   Code   RO          548    i.bsp_spi_disable_for_deepsleep  mcu_cimc_gd32f470vet6.o
    0x08014014   0x08014014   0x00000120   Code   RO          549    i.bsp_ttl_usart_init  mcu_cimc_gd32f470vet6.o
    0x08014134   0x08014134   0x00000010   Code   RO          550    i.bsp_usart_all_init  mcu_cimc_gd32f470vet6.o
    0x08014144   0x08014144   0x0000008c   Code   RO          551    i.bsp_usart_disable_for_deepsleep  mcu_cimc_gd32f470vet6.o
    0x080141d0   0x080141d0   0x00000120   Code   RO          552    i.bsp_usart_init    mcu_cimc_gd32f470vet6.o
    0x080142f0   0x080142f0   0x00000048   Code   RO          553    i.bsp_wkup_key_exti_init  mcu_cimc_gd32f470vet6.o
    0x08014338   0x08014338   0x0000000e   Code   RO         2537    i.btn_task          btn_app.o
    0x08014346   0x08014346   0x00000002   PAD
    0x08014348   0x08014348   0x0000001c   Code   RO         3584    i.byte2ascii        proto_frame.o
    0x08014364   0x08014364   0x000003c8   Code   RO         2786    i.card_info_get     sd_app.o
    0x0801472c   0x0801472c   0x00000080   Code   RO         3309    i.check_channel     sys_alarm.o
    0x080147ac   0x080147ac   0x00000090   Code   RO         2243    i.check_fs          ff.o
    0x0801483c   0x0801483c   0x00000036   Code   RO         9561    i.check_systick     perf_counter.o
    0x08014872   0x08014872   0x00000014   Code   RO         2244    i.chk_chr           ff.o
    0x08014886   0x08014886   0x00000002   PAD
    0x08014888   0x08014888   0x00000394   Code   RO         2245    i.chk_mounted       ff.o
    0x08014c1c   0x08014c1c   0x0000001a   Code   RO         2246    i.clust2sect        ff.o
    0x08014c36   0x08014c36   0x00000002   PAD
    0x08014c38   0x08014c38   0x00000030   Code   RO         1962    i.cmdsent_error_check  sdio_sdcard.o
    0x08014c68   0x08014c68   0x00000090   Code   RO         2247    i.cmp_lfn           ff.o
    0x08014cf8   0x08014cf8   0x00000026   Code   RO         3240    i.code_to_ms        sys_report.o
    0x08014d1e   0x08014d1e   0x00000002   PAD
    0x08014d20   0x08014d20   0x00000084   Code   RO         3406    i.compute_target_bcd  sys_sleep.o
    0x08014da4   0x08014da4   0x0000007c   Code   RO         3407    i.configure_rtc_alarm  sys_sleep.o
    0x08014e20   0x08014e20   0x0000001a   Code   RO         3757    i.crc32_calc        ota_uart.o
    0x08014e3a   0x08014e3a   0x00000006   Code   RO         3758    i.crc32_finalize    ota_uart.o
    0x08014e40   0x08014e40   0x00000034   Code   RO         3759    i.crc32_update      ota_uart.o
    0x08014e74   0x08014e74   0x000000ca   Code   RO         2248    i.create_chain      ff.o
    0x08014f3e   0x08014f3e   0x00000002   PAD
    0x08014f40   0x08014f40   0x00000230   Code   RO         2249    i.create_name       ff.o
    0x08015170   0x08015170   0x00000040   Code   RO         4576    i.dac_data_set      gd32f4xx_dac.o
    0x080151b0   0x080151b0   0x00000028   Code   RO         4577    i.dac_deinit        gd32f4xx_dac.o
    0x080151d8   0x080151d8   0x0000001a   Code   RO         4578    i.dac_disable       gd32f4xx_dac.o
    0x080151f2   0x080151f2   0x0000001a   Code   RO         4581    i.dac_enable        gd32f4xx_dac.o
    0x0801520c   0x0801520c   0x0000001a   Code   RO         4595    i.dac_trigger_enable  gd32f4xx_dac.o
    0x08015226   0x08015226   0x00000028   Code   RO         4596    i.dac_trigger_source_config  gd32f4xx_dac.o
    0x0801524e   0x0801524e   0x00000028   Code   RO         4597    i.dac_wave_mode_config  gd32f4xx_dac.o
    0x08015276   0x08015276   0x00000002   PAD
    0x08015278   0x08015278   0x0000002c   Code   RO         2984    i.days_in_month     sys_time.o
    0x080152a4   0x080152a4   0x0000001a   Code   RO         2985    i.dec_to_bcd        sys_time.o
    0x080152be   0x080152be   0x00000002   PAD
    0x080152c0   0x080152c0   0x00000014   Code   RO          372    i.delay_1ms         systick.o
    0x080152d4   0x080152d4   0x00000018   Code   RO          373    i.delay_decrement   systick.o
    0x080152ec   0x080152ec   0x00000054   Code   RO         9563    i.delay_ms          perf_counter.o
    0x08015340   0x08015340   0x00000054   Code   RO         9564    i.delay_us          perf_counter.o
    0x08015394   0x08015394   0x000000de   Code   RO         2250    i.dir_find          ff.o
    0x08015472   0x08015472   0x00000118   Code   RO         2251    i.dir_next          ff.o
    0x0801558a   0x0801558a   0x0000018c   Code   RO         2253    i.dir_register      ff.o
    0x08015716   0x08015716   0x0000009c   Code   RO         2255    i.dir_sdi           ff.o
    0x080157b2   0x080157b2   0x00000086   Code   RO         2182    i.disk_initialize   diskio.o
    0x08015838   0x08015838   0x00000006   Code   RO         2183    i.disk_ioctl        diskio.o
    0x0801583e   0x0801583e   0x00000050   Code   RO         2184    i.disk_read         diskio.o
    0x0801588e   0x0801588e   0x0000000c   Code   RO         2185    i.disk_status       diskio.o
    0x0801589a   0x0801589a   0x00000050   Code   RO         2186    i.disk_write        diskio.o
    0x080158ea   0x080158ea   0x00000020   Code   RO         4966    i.dma_channel_disable  gd32f4xx_dma.o
    0x0801590a   0x0801590a   0x00000020   Code   RO         4967    i.dma_channel_enable  gd32f4xx_dma.o
    0x0801592a   0x0801592a   0x00000026   Code   RO         4968    i.dma_channel_subperipheral_select  gd32f4xx_dma.o
    0x08015950   0x08015950   0x00000020   Code   RO         4969    i.dma_circulation_disable  gd32f4xx_dma.o
    0x08015970   0x08015970   0x00000020   Code   RO         4970    i.dma_circulation_enable  gd32f4xx_dma.o
    0x08015990   0x08015990   0x000000a6   Code   RO         4971    i.dma_deinit        gd32f4xx_dma.o
    0x08015a36   0x08015a36   0x0000003e   Code   RO         4973    i.dma_flag_clear    gd32f4xx_dma.o
    0x08015a74   0x08015a74   0x0000004e   Code   RO         4974    i.dma_flag_get      gd32f4xx_dma.o
    0x08015ac2   0x08015ac2   0x00000040   Code   RO         4975    i.dma_flow_controller_config  gd32f4xx_dma.o
    0x08015b02   0x08015b02   0x00000020   Code   RO         4980    i.dma_memory_address_config  gd32f4xx_dma.o
    0x08015b22   0x08015b22   0x00000002   PAD
    0x08015b24   0x08015b24   0x00000164   Code   RO         4984    i.dma_multi_data_mode_init  gd32f4xx_dma.o
    0x08015c88   0x08015c88   0x000000b4   Code   RO         1963    i.dma_receive_config  sdio_sdcard.o
    0x08015d3c   0x08015d3c   0x00000158   Code   RO         4991    i.dma_single_data_mode_init  gd32f4xx_dma.o
    0x08015e94   0x08015e94   0x00000022   Code   RO         4992    i.dma_single_data_para_struct_init  gd32f4xx_dma.o
    0x08015eb6   0x08015eb6   0x00000002   PAD
    0x08015eb8   0x08015eb8   0x000000b4   Code   RO         1964    i.dma_transfer_config  sdio_sdcard.o
    0x08015f6c   0x08015f6c   0x00000010   Code   RO         4996    i.dma_transfer_number_config  gd32f4xx_dma.o
    0x08015f7c   0x08015f7c   0x00000010   Code   RO         4997    i.dma_transfer_number_get  gd32f4xx_dma.o
    0x08015f8c   0x08015f8c   0x00000058   Code   RO         1781    i.ebtn_get_current_state  ebtn.o
    0x08015fe4   0x08015fe4   0x0000005c   Code   RO         1783    i.ebtn_init         ebtn.o
    0x08016040   0x08016040   0x0000001a   Code   RO         1787    i.ebtn_process      ebtn.o
    0x0801605a   0x0801605a   0x0000003e   Code   RO         1788    i.ebtn_process_btn  ebtn.o
    0x08016098   0x08016098   0x0000007c   Code   RO         1789    i.ebtn_process_btn_combo  ebtn.o
    0x08016114   0x08016114   0x000001c0   Code   RO         1790    i.ebtn_process_with_curr_state  ebtn.o
    0x080162d4   0x080162d4   0x00000006   Code   RO         1794    i.ebtn_timer_sub    ebtn.o
    0x080162da   0x080162da   0x00000032   Code   RO         3310    i.emit_active_alarm  sys_alarm.o
    0x0801630c   0x0801630c   0x000000bc   Code   RO         6006    i.exti_init         gd32f4xx_exti.o
    0x080163c8   0x080163c8   0x0000000c   Code   RO         6009    i.exti_interrupt_flag_clear  gd32f4xx_exti.o
    0x080163d4   0x080163d4   0x00000018   Code   RO         6010    i.exti_interrupt_flag_get  gd32f4xx_exti.o
    0x080163ec   0x080163ec   0x00000016   Code   RO         2257    i.f_close           ff.o
    0x08016402   0x08016402   0x00000002   PAD
    0x08016404   0x08016404   0x0000002c   Code   RO         2261    i.f_mount           ff.o
    0x08016430   0x08016430   0x00000174   Code   RO         2262    i.f_open            ff.o
    0x080165a4   0x080165a4   0x000001ce   Code   RO         2264    i.f_read            ff.o
    0x08016772   0x08016772   0x000000b8   Code   RO         2268    i.f_sync            ff.o
    0x0801682a   0x0801682a   0x0000020e   Code   RO         2272    i.f_write           ff.o
    0x08016a38   0x08016a38   0x0000004c   Code   RO         2504    i.ff_convert        ccsbcs.o
    0x08016a84   0x08016a84   0x00000038   Code   RO         2505    i.ff_wtoupper       ccsbcs.o
    0x08016abc   0x08016abc   0x00000080   Code   RO         2273    i.fit_lfn           ff.o
    0x08016b3c   0x08016b3c   0x00000050   Code   RO         6093    i.fmc_byte_program  gd32f4xx_fmc.o
    0x08016b8c   0x08016b8c   0x0000000c   Code   RO         6094    i.fmc_flag_clear    gd32f4xx_fmc.o
    0x08016b98   0x08016b98   0x00000014   Code   RO         6095    i.fmc_flag_get      gd32f4xx_fmc.o
    0x08016bac   0x08016bac   0x00000014   Code   RO         6101    i.fmc_lock          gd32f4xx_fmc.o
    0x08016bc0   0x08016bc0   0x0000007c   Code   RO         6103    i.fmc_page_erase    gd32f4xx_fmc.o
    0x08016c3c   0x08016c3c   0x00000020   Code   RO         6104    i.fmc_ready_wait    gd32f4xx_fmc.o
    0x08016c5c   0x08016c5c   0x0000004c   Code   RO         6106    i.fmc_state_get     gd32f4xx_fmc.o
    0x08016ca8   0x08016ca8   0x00000024   Code   RO         6107    i.fmc_unlock        gd32f4xx_fmc.o
    0x08016ccc   0x08016ccc   0x00000054   Code   RO         6108    i.fmc_word_program  gd32f4xx_fmc.o
    0x08016d20   0x08016d20   0x000000e4   Code   RO         3311    i.fmt_float_2dec    sys_alarm.o
    0x08016e04   0x08016e04   0x0000009e   Code   RO         2274    i.follow_path       ff.o
    0x08016ea2   0x08016ea2   0x00000006   Code   RO         9496    i.gd32f4xx_firmware_version_get  system_gd32f4xx.o
    0x08016ea8   0x08016ea8   0x000000a8   Code   RO         2275    i.gen_numname       ff.o
    0x08016f50   0x08016f50   0x000000e4   Code   RO         2276    i.get_fat           ff.o
    0x08017034   0x08017034   0x00000004   Code   RO         2187    i.get_fattime       diskio.o
    0x08017038   0x08017038   0x00000060   Code   RO         9568    i.get_system_ms     perf_counter.o
    0x08017098   0x08017098   0x00000060   Code   RO         9569    i.get_system_ticks  perf_counter.o
    0x080170f8   0x080170f8   0x0000005e   Code   RO         6409    i.gpio_af_set       gd32f4xx_gpio.o
    0x08017156   0x08017156   0x00000004   Code   RO         6410    i.gpio_bit_reset    gd32f4xx_gpio.o
    0x0801715a   0x0801715a   0x00000004   Code   RO         6411    i.gpio_bit_set      gd32f4xx_gpio.o
    0x0801715e   0x0801715e   0x00000002   PAD
    0x08017160   0x08017160   0x00000074   Code   RO         1965    i.gpio_config       sdio_sdcard.o
    0x080171d4   0x080171d4   0x00000012   Code   RO         6415    i.gpio_input_bit_get  gd32f4xx_gpio.o
    0x080171e6   0x080171e6   0x0000004e   Code   RO         6417    i.gpio_mode_set     gd32f4xx_gpio.o
    0x08017234   0x08017234   0x00000042   Code   RO         6419    i.gpio_output_options_set  gd32f4xx_gpio.o
    0x08017276   0x08017276   0x00000036   Code   RO         3585    i.hex_nibble        proto_frame.o
    0x080172ac   0x080172ac   0x00000010   Code   RO         6517    i.i2c_ack_config    gd32f4xx_i2c.o
    0x080172bc   0x080172bc   0x000000e4   Code   RO         6521    i.i2c_clock_config  gd32f4xx_i2c.o
    0x080173a0   0x080173a0   0x00000058   Code   RO         6524    i.i2c_deinit        gd32f4xx_i2c.o
    0x080173f8   0x080173f8   0x0000000a   Code   RO         6526    i.i2c_disable       gd32f4xx_i2c.o
    0x08017402   0x08017402   0x00000010   Code   RO         6527    i.i2c_dma_config    gd32f4xx_i2c.o
    0x08017412   0x08017412   0x0000000a   Code   RO         6531    i.i2c_enable        gd32f4xx_i2c.o
    0x0801741c   0x0801741c   0x00000028   Code   RO         6532    i.i2c_flag_clear    gd32f4xx_i2c.o
    0x08017444   0x08017444   0x0000001e   Code   RO         6533    i.i2c_flag_get      gd32f4xx_i2c.o
    0x08017462   0x08017462   0x00000014   Code   RO         6538    i.i2c_master_addressing  gd32f4xx_i2c.o
    0x08017476   0x08017476   0x0000001c   Code   RO         6539    i.i2c_mode_addr_config  gd32f4xx_i2c.o
    0x08017492   0x08017492   0x0000000a   Code   RO         6552    i.i2c_start_on_bus  gd32f4xx_i2c.o
    0x0801749c   0x0801749c   0x0000000a   Code   RO         6553    i.i2c_stop_on_bus   gd32f4xx_i2c.o
    0x080174a6   0x080174a6   0x00000002   PAD
    0x080174a8   0x080174a8   0x00000068   Code   RO         9571    i.init_cycle_counter  perf_counter.o
    0x08017510   0x08017510   0x0000002a   Code   RO         2986    i.is_leap_year      sys_time.o
    0x0801753a   0x0801753a   0x00000002   PAD
    0x0801753c   0x0801753c   0x00000074   Code   RO         2881    i.led_ctrl_task     led_ctrl.o
    0x080175b0   0x080175b0   0x00000204   Code   RO          324    i.main              main.o
    0x080177b4   0x080177b4   0x00000026   Code   RO         2278    i.mem_cmp           ff.o
    0x080177da   0x080177da   0x0000001a   Code   RO         2279    i.mem_cpy           ff.o
    0x080177f4   0x080177f4   0x00000014   Code   RO         2280    i.mem_set           ff.o
    0x08017808   0x08017808   0x00000024   Code   RO         2787    i.memory_compare    sd_app.o
    0x0801782c   0x0801782c   0x00000072   Code   RO         2281    i.move_window       ff.o
    0x0801789e   0x0801789e   0x00000002   PAD
    0x080178a0   0x080178a0   0x00000068   Code   RO         2698    i.my_printf         usart_app.o
    0x08017908   0x08017908   0x0000002c   Code   RO         6997    i.nvic_irq_disable  gd32f4xx_misc.o
    0x08017934   0x08017934   0x00000114   Code   RO         6998    i.nvic_irq_enable   gd32f4xx_misc.o
    0x08017a48   0x08017a48   0x00000014   Code   RO         6999    i.nvic_priority_group_set  gd32f4xx_misc.o
    0x08017a5c   0x08017a5c   0x0000003c   Code   RO         2615    i.oled_printf       oled_app.o
    0x08017a98   0x08017a98   0x00000034   Code   RO         2616    i.oled_show_bootloader_screen  oled_app.o
    0x08017acc   0x08017acc   0x00000050   Code   RO         2617    i.oled_task         oled_app.o
    0x08017b1c   0x08017b1c   0x00000044   Code   RO         1629    i.oled_wait_addsend_or_nack  oled.o
    0x08017b60   0x08017b60   0x00000026   Code   RO         1630    i.oled_wait_dma_ftf  oled.o
    0x08017b86   0x08017b86   0x00000024   Code   RO         1631    i.oled_wait_i2c_flag_set  oled.o
    0x08017baa   0x08017baa   0x0000001c   Code   RO         1632    i.oled_wait_i2c_stop_clear  oled.o
    0x08017bc6   0x08017bc6   0x00000002   PAD
    0x08017bc8   0x08017bc8   0x000000f0   Code   RO         3760    i.ota_apply_fast_upgrade_mark_if_pending  ota_uart.o
    0x08017cb8   0x08017cb8   0x00000048   Code   RO         3761    i.ota_begin_contest_stream  ota_uart.o
    0x08017d00   0x08017d00   0x00000054   Code   RO         3762    i.ota_begin_stream  ota_uart.o
    0x08017d54   0x08017d54   0x00000144   Code   RO         3763    i.ota_finalize_if_done  ota_uart.o
    0x08017e98   0x08017e98   0x0000005c   Code   RO         3764    i.ota_parse_stream_header  ota_uart.o
    0x08017ef4   0x08017ef4   0x0000000c   Code   RO         3765    i.ota_request_fast_upgrade_mark  ota_uart.o
    0x08017f00   0x08017f00   0x00000170   Code   RO         3766    i.ota_stream_consume_data  ota_uart.o
    0x08018070   0x08018070   0x00000064   Code   RO         3767    i.ota_uart_process_frame  ota_uart.o
    0x080180d4   0x080180d4   0x00000030   Code   RO         3768    i.ota_uart_reset_state  ota_uart.o
    0x08018104   0x08018104   0x000000f4   Code   RO         3769    i.ota_uart_task     ota_uart.o
    0x080181f8   0x080181f8   0x00000034   Code   RO         3770    i.ota_vector_is_valid  ota_uart.o
    0x0801822c   0x0801822c   0x000000ac   Code   RO         3771    i.ota_write_payload  ota_uart.o
    0x080182d8   0x080182d8   0x0000000e   Code   RO         3772    i.param_calc_crc    ota_uart.o
    0x080182e6   0x080182e6   0x00000002   PAD
    0x080182e8   0x080182e8   0x000000d0   Code   RO         3773    i.param_commit_update  ota_uart.o
    0x080183b8   0x080183b8   0x0000002c   Code   RO         3774    i.param_is_min_valid  ota_uart.o
    0x080183e4   0x080183e4   0x00000048   Code   RO         3775    i.param_set_default  ota_uart.o
    0x0801842c   0x0801842c   0x0000000a   Code   RO         9803    i.perfc_port_clear_system_timer_counter  perfc_port_default.o
    0x08018436   0x08018436   0x00000002   PAD
    0x08018438   0x08018438   0x00000010   Code   RO         9804    i.perfc_port_clear_system_timer_ovf_pending  perfc_port_default.o
    0x08018448   0x08018448   0x0000000c   Code   RO         9580    i.perfc_port_disable_global_interrupt  perf_counter.o
    0x08018454   0x08018454   0x00000012   Code   RO         9805    i.perfc_port_get_system_timer_elapsed  perfc_port_default.o
    0x08018466   0x08018466   0x00000002   PAD
    0x08018468   0x08018468   0x0000000c   Code   RO         9806    i.perfc_port_get_system_timer_freq  perfc_port_default.o
    0x08018474   0x08018474   0x0000000a   Code   RO         9807    i.perfc_port_get_system_timer_top  perfc_port_default.o
    0x0801847e   0x0801847e   0x00000052   Code   RO         9808    i.perfc_port_init_system_timer  perfc_port_default.o
    0x080184d0   0x080184d0   0x000000c4   Code   RO         9581    i.perfc_port_insert_to_system_timer_insert_ovf_handler  perf_counter.o
    0x08018594   0x08018594   0x00000010   Code   RO         9809    i.perfc_port_is_system_timer_ovf_pending  perfc_port_default.o
    0x080185a4   0x080185a4   0x0000000a   Code   RO         9582    i.perfc_port_resume_global_interrupt  perf_counter.o
    0x080185ae   0x080185ae   0x00000012   Code   RO         9810    i.perfc_port_stop_system_timer_counting  perfc_port_default.o
    0x080185c0   0x080185c0   0x00000014   Code   RO         7063    i.pmu_backup_write_enable  gd32f4xx_pmu.o
    0x080185d4   0x080185d4   0x00000030   Code   RO         7065    i.pmu_flag_clear    gd32f4xx_pmu.o
    0x08018604   0x08018604   0x000000f4   Code   RO         7077    i.pmu_to_deepsleepmode  gd32f4xx_pmu.o
    0x080186f8   0x080186f8   0x00000106   Code   RO         3586    i.proto_build       proto_frame.o
    0x080187fe   0x080187fe   0x0000004a   Code   RO         3587    i.proto_build_ack   proto_frame.o
    0x08018848   0x08018848   0x0000005e   Code   RO         3588    i.proto_build_auto_report  proto_frame.o
    0x080188a6   0x080188a6   0x00000034   Code   RO         3589    i.proto_build_err   proto_frame.o
    0x080188da   0x080188da   0x00000036   Code   RO         3590    i.proto_build_hb    proto_frame.o
    0x08018910   0x08018910   0x00000020   Code   RO         3591    i.proto_build_ok    proto_frame.o
    0x08018930   0x08018930   0x0000003a   Code   RO         3568    i.proto_crc16       proto_crc.o
    0x0801896a   0x0801896a   0x00000002   PAD
    0x0801896c   0x0801896c   0x000008f4   Code   RO         3674    i.proto_dispatch    proto_dispatch.o
    0x08019260   0x08019260   0x00000020   Code   RO         3592    i.proto_pack_float_be  proto_frame.o
    0x08019280   0x08019280   0x00000134   Code   RO         3593    i.proto_parse       proto_frame.o
    0x080193b4   0x080193b4   0x0000006c   Code   RO         3594    i.proto_try_get_device_id  proto_frame.o
    0x08019420   0x08019420   0x00000020   Code   RO         3595    i.proto_unpack_float_be  proto_frame.o
    0x08019440   0x08019440   0x0000008c   Code   RO         2538    i.prv_btn_event     btn_app.o
    0x080194cc   0x080194cc   0x000000ac   Code   RO         2539    i.prv_btn_get_state  btn_app.o
    0x08019578   0x08019578   0x0000004c   Code   RO         1795    i.prv_get_combo_btn_by_key_id  ebtn.o
    0x080195c4   0x080195c4   0x00000374   Code   RO         1796    i.prv_process_btn   ebtn.o
    0x08019938   0x08019938   0x000000d4   Code   RO         3531    i.pt100_r_calibration  sys_pt100.o
    0x08019a0c   0x08019a0c   0x00000094   Code   RO         3532    i.pt100_resistance_to_temp  sys_pt100.o
    0x08019aa0   0x08019aa0   0x00000026   Code   RO         2987    i.put2              sys_time.o
    0x08019ac6   0x08019ac6   0x00000136   Code   RO         2283    i.put_fat           ff.o
    0x08019bfc   0x08019bfc   0x00000084   Code   RO         1966    i.r1_error_check    sdio_sdcard.o
    0x08019c80   0x08019c80   0x000000ae   Code   RO         1967    i.r1_error_type_check  sdio_sdcard.o
    0x08019d2e   0x08019d2e   0x00000002   PAD
    0x08019d30   0x08019d30   0x00000050   Code   RO         1968    i.r2_error_check    sdio_sdcard.o
    0x08019d80   0x08019d80   0x0000003c   Code   RO         1969    i.r3_error_check    sdio_sdcard.o
    0x08019dbc   0x08019dbc   0x000000a8   Code   RO         1970    i.r6_error_check    sdio_sdcard.o
    0x08019e64   0x08019e64   0x00000050   Code   RO         1971    i.r7_error_check    sdio_sdcard.o
    0x08019eb4   0x08019eb4   0x00000014   Code   RO         7207    i.rcu_all_reset_flag_clear  gd32f4xx_rcu.o
    0x08019ec8   0x08019ec8   0x00000124   Code   RO         7215    i.rcu_clock_freq_get  gd32f4xx_rcu.o
    0x08019fec   0x08019fec   0x00000024   Code   RO         1972    i.rcu_config        sdio_sdcard.o
    0x0801a010   0x0801a010   0x00000028   Code   RO         7218    i.rcu_flag_get      gd32f4xx_rcu.o
    0x0801a038   0x0801a038   0x00000024   Code   RO         7231    i.rcu_osci_on       gd32f4xx_rcu.o
    0x0801a05c   0x0801a05c   0x0000015c   Code   RO         7232    i.rcu_osci_stab_wait  gd32f4xx_rcu.o
    0x0801a1b8   0x0801a1b8   0x00000024   Code   RO         7234    i.rcu_periph_clock_enable  gd32f4xx_rcu.o
    0x0801a1dc   0x0801a1dc   0x00000024   Code   RO         7237    i.rcu_periph_reset_disable  gd32f4xx_rcu.o
    0x0801a200   0x0801a200   0x00000024   Code   RO         7238    i.rcu_periph_reset_enable  gd32f4xx_rcu.o
    0x0801a224   0x0801a224   0x00000018   Code   RO         7243    i.rcu_rtc_clock_config  gd32f4xx_rcu.o
    0x0801a23c   0x0801a23c   0x00000068   Code   RO         2284    i.remove_chain      ff.o
    0x0801a2a4   0x0801a2a4   0x0000004c   Code   RO         3312    i.rescan_count      sys_alarm.o
    0x0801a2f0   0x0801a2f0   0x0000002c   Code   RO         3695    i.ring_buffer_available  ring_buffer.o
    0x0801a31c   0x0801a31c   0x0000003a   Code   RO         3697    i.ring_buffer_drop  ring_buffer.o
    0x0801a356   0x0801a356   0x00000020   Code   RO         3698    i.ring_buffer_free  ring_buffer.o
    0x0801a376   0x0801a376   0x00000012   Code   RO         3699    i.ring_buffer_init  ring_buffer.o
    0x0801a388   0x0801a388   0x00000052   Code   RO         3700    i.ring_buffer_peek  ring_buffer.o
    0x0801a3da   0x0801a3da   0x00000056   Code   RO         3701    i.ring_buffer_read  ring_buffer.o
    0x0801a430   0x0801a430   0x00000044   Code   RO         3702    i.ring_buffer_write  ring_buffer.o
    0x0801a474   0x0801a474   0x00000060   Code   RO         2699    i.rs_usart_send     usart_app.o
    0x0801a4d4   0x0801a4d4   0x00000064   Code   RO         7506    i.rtc_alarm_config  gd32f4xx_rtc.o
    0x0801a538   0x0801a538   0x00000080   Code   RO         7507    i.rtc_alarm_disable  gd32f4xx_rtc.o
    0x0801a5b8   0x0801a5b8   0x0000003c   Code   RO         7508    i.rtc_alarm_enable  gd32f4xx_rtc.o
    0x0801a5f4   0x0801a5f4   0x00000064   Code   RO         7519    i.rtc_current_time_get  gd32f4xx_rtc.o
    0x0801a658   0x0801a658   0x00000010   Code   RO         7521    i.rtc_flag_clear    gd32f4xx_rtc.o
    0x0801a668   0x0801a668   0x00000014   Code   RO         7522    i.rtc_flag_get      gd32f4xx_rtc.o
    0x0801a67c   0x0801a67c   0x000000c4   Code   RO         7524    i.rtc_init          gd32f4xx_rtc.o
    0x0801a740   0x0801a740   0x00000048   Code   RO         7525    i.rtc_init_mode_enter  gd32f4xx_rtc.o
    0x0801a788   0x0801a788   0x00000014   Code   RO         7526    i.rtc_init_mode_exit  gd32f4xx_rtc.o
    0x0801a79c   0x0801a79c   0x0000003c   Code   RO         7527    i.rtc_interrupt_disable  gd32f4xx_rtc.o
    0x0801a7d8   0x0801a7d8   0x0000003c   Code   RO         7528    i.rtc_interrupt_enable  gd32f4xx_rtc.o
    0x0801a814   0x0801a814   0x00000060   Code   RO         7531    i.rtc_register_sync_wait  gd32f4xx_rtc.o
    0x0801a874   0x0801a874   0x00000010   Code   RO         2856    i.rtc_task          rtc_app.o
    0x0801a884   0x0801a884   0x0000000c   Code   RO         2662    i.scheduler_init    scheduler.o
    0x0801a890   0x0801a890   0x00000058   Code   RO         2663    i.scheduler_run     scheduler.o
    0x0801a8e8   0x0801a8e8   0x00000218   Code   RO         1973    i.sd_block_read     sdio_sdcard.o
    0x0801ab00   0x0801ab00   0x00000320   Code   RO         1974    i.sd_block_write    sdio_sdcard.o
    0x0801ae20   0x0801ae20   0x00000094   Code   RO         1975    i.sd_bus_mode_config  sdio_sdcard.o
    0x0801aeb4   0x0801aeb4   0x000000fc   Code   RO         1976    i.sd_bus_width_config  sdio_sdcard.o
    0x0801afb0   0x0801afb0   0x000000a8   Code   RO         1977    i.sd_card_capacity_get  sdio_sdcard.o
    0x0801b058   0x0801b058   0x000002c0   Code   RO         1978    i.sd_card_information_get  sdio_sdcard.o
    0x0801b318   0x0801b318   0x0000011c   Code   RO         1979    i.sd_card_init      sdio_sdcard.o
    0x0801b434   0x0801b434   0x00000026   Code   RO         1980    i.sd_card_select_deselect  sdio_sdcard.o
    0x0801b45a   0x0801b45a   0x00000002   PAD
    0x0801b45c   0x0801b45c   0x000000b8   Code   RO         1981    i.sd_card_state_get  sdio_sdcard.o
    0x0801b514   0x0801b514   0x00000048   Code   RO         1982    i.sd_cardstatus_get  sdio_sdcard.o
    0x0801b55c   0x0801b55c   0x00000018   Code   RO         1983    i.sd_datablocksize_get  sdio_sdcard.o
    0x0801b574   0x0801b574   0x0000000e   Code   RO         2788    i.sd_fatfs_init     sd_app.o
    0x0801b582   0x0801b582   0x00000002   PAD
    0x0801b584   0x0801b584   0x00000220   Code   RO         2789    i.sd_fatfs_long_name_test  sd_app.o
    0x0801b7a4   0x0801b7a4   0x0000029c   Code   RO         2790    i.sd_fatfs_test     sd_app.o
    0x0801ba40   0x0801ba40   0x00000046   Code   RO         1985    i.sd_init           sdio_sdcard.o
    0x0801ba86   0x0801ba86   0x00000002   PAD
    0x0801ba88   0x0801ba88   0x00000130   Code   RO         1986    i.sd_interrupts_process  sdio_sdcard.o
    0x0801bbb8   0x0801bbb8   0x0000029c   Code   RO         1988    i.sd_multiblocks_read  sdio_sdcard.o
    0x0801be54   0x0801be54   0x00000398   Code   RO         1989    i.sd_multiblocks_write  sdio_sdcard.o
    0x0801c1ec   0x0801c1ec   0x0000000e   Code   RO         1990    i.sd_power_off      sdio_sdcard.o
    0x0801c1fa   0x0801c1fa   0x00000002   PAD
    0x0801c1fc   0x0801c1fc   0x0000012c   Code   RO         1991    i.sd_power_on       sdio_sdcard.o
    0x0801c328   0x0801c328   0x0000015c   Code   RO         1992    i.sd_scr_get        sdio_sdcard.o
    0x0801c484   0x0801c484   0x00000018   Code   RO         1994    i.sd_transfer_mode_config  sdio_sdcard.o
    0x0801c49c   0x0801c49c   0x00000024   Code   RO         1996    i.sd_transfer_stop  sdio_sdcard.o
    0x0801c4c0   0x0801c4c0   0x0000001c   Code   RO         7776    i.sdio_bus_mode_set  gd32f4xx_sdio.o
    0x0801c4dc   0x0801c4dc   0x00000034   Code   RO         7783    i.sdio_clock_config  gd32f4xx_sdio.o
    0x0801c510   0x0801c510   0x00000014   Code   RO         7784    i.sdio_clock_disable  gd32f4xx_sdio.o
    0x0801c524   0x0801c524   0x00000014   Code   RO         7785    i.sdio_clock_enable  gd32f4xx_sdio.o
    0x0801c538   0x0801c538   0x0000000c   Code   RO         7786    i.sdio_command_index_get  gd32f4xx_sdio.o
    0x0801c544   0x0801c544   0x00000038   Code   RO         7787    i.sdio_command_response_config  gd32f4xx_sdio.o
    0x0801c57c   0x0801c57c   0x00000014   Code   RO         7789    i.sdio_csm_enable   gd32f4xx_sdio.o
    0x0801c590   0x0801c590   0x0000003c   Code   RO         7790    i.sdio_data_config  gd32f4xx_sdio.o
    0x0801c5cc   0x0801c5cc   0x0000000c   Code   RO         7792    i.sdio_data_read    gd32f4xx_sdio.o
    0x0801c5d8   0x0801c5d8   0x0000001c   Code   RO         7793    i.sdio_data_transfer_config  gd32f4xx_sdio.o
    0x0801c5f4   0x0801c5f4   0x0000000c   Code   RO         7794    i.sdio_data_write   gd32f4xx_sdio.o
    0x0801c600   0x0801c600   0x00000014   Code   RO         7795    i.sdio_deinit       gd32f4xx_sdio.o
    0x0801c614   0x0801c614   0x00000014   Code   RO         7796    i.sdio_dma_disable  gd32f4xx_sdio.o
    0x0801c628   0x0801c628   0x00000014   Code   RO         7797    i.sdio_dma_enable   gd32f4xx_sdio.o
    0x0801c63c   0x0801c63c   0x00000014   Code   RO         7798    i.sdio_dsm_disable  gd32f4xx_sdio.o
    0x0801c650   0x0801c650   0x00000014   Code   RO         7799    i.sdio_dsm_enable   gd32f4xx_sdio.o
    0x0801c664   0x0801c664   0x0000000c   Code   RO         7801    i.sdio_flag_clear   gd32f4xx_sdio.o
    0x0801c670   0x0801c670   0x00000014   Code   RO         7802    i.sdio_flag_get     gd32f4xx_sdio.o
    0x0801c684   0x0801c684   0x00000014   Code   RO         7803    i.sdio_hardware_clock_disable  gd32f4xx_sdio.o
    0x0801c698   0x0801c698   0x00000010   Code   RO         7805    i.sdio_interrupt_disable  gd32f4xx_sdio.o
    0x0801c6a8   0x0801c6a8   0x00000010   Code   RO         7806    i.sdio_interrupt_enable  gd32f4xx_sdio.o
    0x0801c6b8   0x0801c6b8   0x0000000c   Code   RO         7807    i.sdio_interrupt_flag_clear  gd32f4xx_sdio.o
    0x0801c6c4   0x0801c6c4   0x00000014   Code   RO         7808    i.sdio_interrupt_flag_get  gd32f4xx_sdio.o
    0x0801c6d8   0x0801c6d8   0x0000000c   Code   RO         7811    i.sdio_power_state_get  gd32f4xx_sdio.o
    0x0801c6e4   0x0801c6e4   0x0000000c   Code   RO         7812    i.sdio_power_state_set  gd32f4xx_sdio.o
    0x0801c6f0   0x0801c6f0   0x0000003c   Code   RO         7816    i.sdio_response_get  gd32f4xx_sdio.o
    0x0801c72c   0x0801c72c   0x0000001c   Code   RO         7821    i.sdio_wait_type_set  gd32f4xx_sdio.o
    0x0801c748   0x0801c748   0x0000000a   Code   RO         8083    i.spi_disable       gd32f4xx_spi.o
    0x0801c752   0x0801c752   0x00000016   Code   RO         8084    i.spi_dma_disable   gd32f4xx_spi.o
    0x0801c768   0x0801c768   0x00000016   Code   RO         8085    i.spi_dma_enable    gd32f4xx_spi.o
    0x0801c77e   0x0801c77e   0x0000000a   Code   RO         8086    i.spi_enable        gd32f4xx_spi.o
    0x0801c788   0x0801c788   0x00000054   Code   RO          696    i.spi_flash_buffer_read  gd25qxx.o
    0x0801c7dc   0x0801c7dc   0x00000122   Code   RO          697    i.spi_flash_buffer_write  gd25qxx.o
    0x0801c8fe   0x0801c8fe   0x00000002   PAD
    0x0801c900   0x0801c900   0x0000001c   Code   RO          699    i.spi_flash_init    gd25qxx.o
    0x0801c91c   0x0801c91c   0x0000005c   Code   RO          700    i.spi_flash_page_write  gd25qxx.o
    0x0801c978   0x0801c978   0x00000044   Code   RO          702    i.spi_flash_sector_erase  gd25qxx.o
    0x0801c9bc   0x0801c9bc   0x000000fc   Code   RO          703    i.spi_flash_send_byte_dma  gd25qxx.o
    0x0801cab8   0x0801cab8   0x00000038   Code   RO          708    i.spi_flash_wait_for_write_end  gd25qxx.o
    0x0801caf0   0x0801caf0   0x00000024   Code   RO          709    i.spi_flash_write_enable  gd25qxx.o
    0x0801cb14   0x0801cb14   0x00000124   Code   RO         1549    i.spi_gd30ad3344_send_halfword_dma  gd30ad3344.o
    0x0801cc38   0x0801cc38   0x00000032   Code   RO         8096    i.spi_init          gd32f4xx_spi.o
    0x0801cc6a   0x0801cc6a   0x00000020   Code   RO         2285    i.sum_sfn           ff.o
    0x0801cc8a   0x0801cc8a   0x000000ca   Code   RO         2286    i.sync              ff.o
    0x0801cd54   0x0801cd54   0x00000018   Code   RO         3313    i.sys_alarm_clear_all  sys_alarm.o
    0x0801cd6c   0x0801cd6c   0x0000000c   Code   RO         3314    i.sys_alarm_count   sys_alarm.o
    0x0801cd78   0x0801cd78   0x000000ca   Code   RO         3315    i.sys_alarm_format_record  sys_alarm.o
    0x0801ce42   0x0801ce42   0x00000002   PAD
    0x0801ce44   0x0801ce44   0x0000000c   Code   RO         3316    i.sys_alarm_get_mode  sys_alarm.o
    0x0801ce50   0x0801ce50   0x00000060   Code   RO         3317    i.sys_alarm_get_record  sys_alarm.o
    0x0801ceb0   0x0801ceb0   0x00000008   Code   RO         3318    i.sys_alarm_init    sys_alarm.o
    0x0801ceb8   0x0801ceb8   0x00000024   Code   RO         3319    i.sys_alarm_set_mode  sys_alarm.o
    0x0801cedc   0x0801cedc   0x00000040   Code   RO         3320    i.sys_alarm_tick    sys_alarm.o
    0x0801cf1c   0x0801cf1c   0x00000038   Code   RO         3454    i.sys_baudrate_apply  sys_baudrate.o
    0x0801cf54   0x0801cf54   0x00000030   Code   RO         3455    i.sys_baudrate_code_to_value  sys_baudrate.o
    0x0801cf84   0x0801cf84   0x0000000c   Code   RO         3205    i.sys_dac_get_raw   sys_dac.o
    0x0801cf90   0x0801cf90   0x00000028   Code   RO         3206    i.sys_dac_restore_raw  sys_dac.o
    0x0801cfb8   0x0801cfb8   0x0000002c   Code   RO         3207    i.sys_dac_set_raw   sys_dac.o
    0x0801cfe4   0x0801cfe4   0x0000000c   Code   RO         2905    i.sys_device_clear_startup_hb  sys_device.o
    0x0801cff0   0x0801cff0   0x0000000c   Code   RO         2906    i.sys_device_get_baudrate_code  sys_device.o
    0x0801cffc   0x0801cffc   0x00000018   Code   RO         2907    i.sys_device_get_fw_version  sys_device.o
    0x0801d014   0x0801d014   0x0000000c   Code   RO         2908    i.sys_device_get_id  sys_device.o
    0x0801d020   0x0801d020   0x00000048   Code   RO         2909    i.sys_device_reboot_if_pending  sys_device.o
    0x0801d068   0x0801d068   0x0000000c   Code   RO         2910    i.sys_device_request_reboot  sys_device.o
    0x0801d074   0x0801d074   0x00000014   Code   RO         2911    i.sys_device_set_baudrate_code  sys_device.o
    0x0801d088   0x0801d088   0x00000014   Code   RO         2912    i.sys_device_set_id  sys_device.o
    0x0801d09c   0x0801d09c   0x0000000c   Code   RO         2913    i.sys_device_startup_hb_pending  sys_device.o
    0x0801d0a8   0x0801d0a8   0x00000068   Code   RO         3481    i.sys_ota_feed      sys_ota.o
    0x0801d110   0x0801d110   0x0000002c   Code   RO         3482    i.sys_ota_init      sys_ota.o
    0x0801d13c   0x0801d13c   0x00000014   Code   RO         3483    i.sys_ota_is_verifying  sys_ota.o
    0x0801d150   0x0801d150   0x00000038   Code   RO         3484    i.sys_ota_request_verify  sys_ota.o
    0x0801d188   0x0801d188   0x00000074   Code   RO         3485    i.sys_ota_take_pending_response  sys_ota.o
    0x0801d1fc   0x0801d1fc   0x00000074   Code   RO         3486    i.sys_ota_tick      sys_ota.o
    0x0801d270   0x0801d270   0x0000000c   Code   RO         3061    i.sys_param_get_ch0_ratio  sys_param.o
    0x0801d27c   0x0801d27c   0x0000000c   Code   RO         3062    i.sys_param_get_ch0_thresh  sys_param.o
    0x0801d288   0x0801d288   0x0000000c   Code   RO         3063    i.sys_param_get_ch1_ratio  sys_param.o
    0x0801d294   0x0801d294   0x0000000c   Code   RO         3064    i.sys_param_get_ch1_thresh  sys_param.o
    0x0801d2a0   0x0801d2a0   0x00000020   Code   RO         3065    i.sys_param_set_ch0_ratio  sys_param.o
    0x0801d2c0   0x0801d2c0   0x00000020   Code   RO         3066    i.sys_param_set_ch0_thresh  sys_param.o
    0x0801d2e0   0x0801d2e0   0x00000020   Code   RO         3067    i.sys_param_set_ch1_ratio  sys_param.o
    0x0801d300   0x0801d300   0x00000020   Code   RO         3068    i.sys_param_set_ch1_thresh  sys_param.o
    0x0801d320   0x0801d320   0x0000006c   Code   RO         3533    i.sys_pt100_get_temp  sys_pt100.o
    0x0801d38c   0x0801d38c   0x0000000c   Code   RO         3241    i.sys_report_get_interval_code  sys_report.o
    0x0801d398   0x0801d398   0x0000000c   Code   RO         3243    i.sys_report_is_enabled  sys_report.o
    0x0801d3a4   0x0801d3a4   0x0000000c   Code   RO         3244    i.sys_report_mark_sent  sys_report.o
    0x0801d3b0   0x0801d3b0   0x0000002c   Code   RO         3245    i.sys_report_set_interval_code  sys_report.o
    0x0801d3dc   0x0801d3dc   0x00000030   Code   RO         3246    i.sys_report_should_send  sys_report.o
    0x0801d40c   0x0801d40c   0x00000014   Code   RO         3247    i.sys_report_start  sys_report.o
    0x0801d420   0x0801d420   0x0000000c   Code   RO         3248    i.sys_report_stop   sys_report.o
    0x0801d42c   0x0801d42c   0x00000024   Code   RO         3127    i.sys_sample_get_ch0  sys_sample.o
    0x0801d450   0x0801d450   0x00000022   Code   RO         3128    i.sys_sample_get_ch1  sys_sample.o
    0x0801d472   0x0801d472   0x00000002   PAD
    0x0801d474   0x0801d474   0x00000064   Code   RO         3408    i.sys_sleep_execute_if_pending  sys_sleep.o
    0x0801d4d8   0x0801d4d8   0x0000001c   Code   RO         3409    i.sys_sleep_request  sys_sleep.o
    0x0801d4f4   0x0801d4f4   0x000000a0   Code   RO         3166    i.sys_storage_init  sys_storage.o
    0x0801d594   0x0801d594   0x00000090   Code   RO         3167    i.sys_storage_save  sys_storage.o
    0x0801d624   0x0801d624   0x0000000c   Code   RO         2988    i.sys_time_bcd_to_dec  sys_time.o
    0x0801d630   0x0801d630   0x0000000c   Code   RO         2989    i.sys_time_dec_to_bcd  sys_time.o
    0x0801d63c   0x0801d63c   0x00000144   Code   RO         2991    i.sys_time_format_utc  sys_time.o
    0x0801d780   0x0801d780   0x000000c0   Code   RO         2992    i.sys_time_get_utc_seconds  sys_time.o
    0x0801d840   0x0801d840   0x00000120   Code   RO         2993    i.sys_time_set_utc_seconds  sys_time.o
    0x0801d960   0x0801d960   0x000000ac   Code   RO         8321    i.syscfg_exti_line_config  gd32f4xx_syscfg.o
    0x0801da0c   0x0801da0c   0x00000110   Code   RO         9497    i.system_clock_240m_25m_hxtal  system_gd32f4xx.o
    0x0801db1c   0x0801db1c   0x00000008   Code   RO         9498    i.system_clock_config  system_gd32f4xx.o
    0x0801db24   0x0801db24   0x00000050   Code   RO          374    i.systick_config    systick.o
    0x0801db74   0x0801db74   0x00000048   Code   RO          554    i.timer5_config     mcu_cimc_gd32f470vet6.o
    0x0801dbbc   0x0801dbbc   0x00000184   Code   RO         8414    i.timer_deinit      gd32f4xx_timer.o
    0x0801dd40   0x0801dd40   0x0000000a   Code   RO         8415    i.timer_disable     gd32f4xx_timer.o
    0x0801dd4a   0x0801dd4a   0x0000000a   Code   RO         8419    i.timer_enable      gd32f4xx_timer.o
    0x0801dd54   0x0801dd54   0x00000098   Code   RO         8429    i.timer_init        gd32f4xx_timer.o
    0x0801ddec   0x0801ddec   0x00000010   Code   RO         8439    i.timer_master_output_trigger_source_select  gd32f4xx_timer.o
    0x0801ddfc   0x0801ddfc   0x00000016   Code   RO         8449    i.timer_struct_para_init  gd32f4xx_timer.o
    0x0801de12   0x0801de12   0x00000002   PAD
    0x0801de14   0x0801de14   0x00000138   Code   RO         2700    i.uart_task         usart_app.o
    0x0801df4c   0x0801df4c   0x00000074   Code   RO         9586    i.update_perf_counter  perf_counter.o
    0x0801dfc0   0x0801dfc0   0x000000e8   Code   RO         9079    i.usart_baudrate_set  gd32f4xx_usart.o
    0x0801e0a8   0x0801e0a8   0x0000000a   Code   RO         9083    i.usart_data_receive  gd32f4xx_usart.o
    0x0801e0b2   0x0801e0b2   0x00000008   Code   RO         9084    i.usart_data_transmit  gd32f4xx_usart.o
    0x0801e0ba   0x0801e0ba   0x00000002   PAD
    0x0801e0bc   0x0801e0bc   0x000000dc   Code   RO         9085    i.usart_deinit      gd32f4xx_usart.o
    0x0801e198   0x0801e198   0x0000000a   Code   RO         9086    i.usart_disable     gd32f4xx_usart.o
    0x0801e1a2   0x0801e1a2   0x00000014   Code   RO         9087    i.usart_dma_receive_config  gd32f4xx_usart.o
    0x0801e1b6   0x0801e1b6   0x0000000a   Code   RO         9089    i.usart_enable      gd32f4xx_usart.o
    0x0801e1c0   0x0801e1c0   0x00000034   Code   RO         9090    i.usart_flag_clear  gd32f4xx_usart.o
    0x0801e1f4   0x0801e1f4   0x00000020   Code   RO         9091    i.usart_flag_get    gd32f4xx_usart.o
    0x0801e214   0x0801e214   0x0000001a   Code   RO         9098    i.usart_interrupt_disable  gd32f4xx_usart.o
    0x0801e22e   0x0801e22e   0x0000001a   Code   RO         9099    i.usart_interrupt_enable  gd32f4xx_usart.o
    0x0801e248   0x0801e248   0x0000003a   Code   RO         9101    i.usart_interrupt_flag_get  gd32f4xx_usart.o
    0x0801e282   0x0801e282   0x00000010   Code   RO         9116    i.usart_receive_config  gd32f4xx_usart.o
    0x0801e292   0x0801e292   0x00000010   Code   RO         9131    i.usart_transmit_config  gd32f4xx_usart.o
    0x0801e2a2   0x0801e2a2   0x0000002a   Code   RO         2287    i.validate          ff.o
    0x0801e2cc   0x0801e2cc   0x00000a98   Data   RO         1633    .constdata          oled.o
    0x0801ed64   0x0801ed64   0x0000008d   Data   RO         2288    .constdata          ff.o
    0x0801edf1   0x0801edf1   0x00000001   PAD
    0x0801edf2   0x0801edf2   0x000004c0   Data   RO         2506    .constdata          ccsbcs.o
    0x0801f2b2   0x0801f2b2   0x0000000e   Data   RO         2540    .constdata          btn_app.o
    0x0801f2c0   0x0801f2c0   0x0000007c   Data   RO         2794    .constdata          sd_app.o
    0x0801f33c   0x0801f33c   0x00000024   Data   RO         2994    .constdata          sys_time.o
    0x0801f360   0x0801f360   0x00000058   Data   RO         3534    .constdata          sys_pt100.o
    0x0801f3b8   0x0801f3b8   0x00000011   Data   RO         3596    .constdata          proto_frame.o
    0x0801f3c9   0x0801f3c9   0x00000003   PAD
    0x0801f3cc   0x0801f3cc   0x00000048   Data   RO         2795    .conststring        sd_app.o
    0x0801f414   0x0801f414   0x00000020   Data   RO        10255    Region$$Table       anon$$obj.o
    0x0801f434   0x0801f434   0x00000004   Data   RO         9588    .init_array         perf_counter.o
    0x0801f438   0x0801f434   0x00000000   Data   RO        10200    .init_array         mc_w.l(cpp_init.o)


    Execution Region RW_IRAM1 (Exec base: 0x20000000, Load base: 0x0801f438, Size: 0x0000beb0, Max: 0x00030000, ABSOLUTE, COMPRESSED[0x0000008c])

    Exec Addr    Load Addr    Size         Type   Attr      Idx    E Section Name        Object

    0x20000000   COMPRESSED   0x00000004   Data   RW          375    .data               systick.o
    0x20000004   COMPRESSED   0x00000018   Data   RW          556    .data               mcu_cimc_gd32f470vet6.o
    0x2000001c   COMPRESSED   0x00000002   Data   RW         1552    .data               gd30ad3344.o
    0x2000001e   COMPRESSED   0x00000017   Data   RW         1634    .data               oled.o
    0x20000035   COMPRESSED   0x00000003   PAD
    0x20000038   COMPRESSED   0x00000024   Data   RW         1998    .data               sdio_sdcard.o
    0x2000005c   COMPRESSED   0x00000006   Data   RW         2289    .data               ff.o
    0x20000062   COMPRESSED   0x00000002   PAD
    0x20000064   COMPRESSED   0x000000c4   Data   RW         2541    .data               btn_app.o
    0x20000128   COMPRESSED   0x0000004c   Data   RW         2664    .data               scheduler.o
    0x20000174   COMPRESSED   0x00000006   Data   RW         2702    .data               usart_app.o
    0x2000017a   COMPRESSED   0x00000002   PAD
    0x2000017c   COMPRESSED   0x00000010   Data   RW         2796    .data               sd_app.o
    0x2000018c   COMPRESSED   0x00000005   Data   RW         2914    .data               sys_device.o
    0x20000191   COMPRESSED   0x00000003   PAD
    0x20000194   COMPRESSED   0x00000010   Data   RW         3069    .data               sys_param.o
    0x200001a4   COMPRESSED   0x00000001   Data   RW         3168    .data               sys_storage.o
    0x200001a5   COMPRESSED   0x00000001   PAD
    0x200001a6   COMPRESSED   0x00000002   Data   RW         3208    .data               sys_dac.o
    0x200001a8   COMPRESSED   0x0000000c   Data   RW         3249    .data               sys_report.o
    0x200001b4   COMPRESSED   0x00000006   Data   RW         3321    .data               sys_alarm.o
    0x200001ba   COMPRESSED   0x00000002   PAD
    0x200001bc   COMPRESSED   0x00000008   Data   RW         3410    .data               sys_sleep.o
    0x200001c4   COMPRESSED   0x00000011   Data   RW         3487    .data               sys_ota.o
    0x200001d5   COMPRESSED   0x00000001   Data   RW         3777    .data               ota_uart.o
    0x200001d6   COMPRESSED   0x00000002   PAD
    0x200001d8   COMPRESSED   0x00000004   Data   RW         9499    .data               system_gd32f4xx.o
    0x200001dc   COMPRESSED   0x00000004   PAD
    0x200001e0   COMPRESSED   0x00000040   Data   RW         9587    .data               perf_counter.o
    0x20000220   COMPRESSED   0x00000004   Data   RW        10230    .data               mc_w.l(errno.o)
    0x20000224        -       0x00000454   Zero   RW          555    .bss                mcu_cimc_gd32f470vet6.o
    0x20000678        -       0x0000003c   Zero   RW         1797    .bss                ebtn.o
    0x200006b4        -       0x00000020   Zero   RW         1997    .bss                sdio_sdcard.o
    0x200006d4        -       0x00000200   Zero   RW         2701    .bss                usart_app.o
    0x200008d4        -       0x0000059c   Zero   RW         2793    .bss                sd_app.o
    0x20000e70        -       0x00009030   Zero   RW         3776    .bss                ota_uart.o
    0x20009ea0        -       0x00000010   Zero   RW         7082    .bss                gd32f4xx_pmu.o
    0x20009eb0        -       0x00002000   Zero   RW         9483    STACK               startup_gd32f450_470.o


==============================================================================

Image component sizes


      Code (inc. data)   RO Data    RW Data    ZI Data      Debug   Object Name

        24          8          0          0          0        463   adc_app.o
       362         44         14        196          0       2902   btn_app.o
       132         16       1216          0          0       2419   ccsbcs.o
       316          0          0          0          0       9749   diskio.o
      2070         26          0          0         60      19854   ebtn.o
      6246         68        141          6          0      31160   ff.o
       906         52          0          0          0       6053   gd25qxx.o
       940         92          0          2          0       5491   gd30ad3344.o
       704         16          0          0          0      10839   gd32f4xx_adc.o
       262          6          0          0          0       4231   gd32f4xx_dac.o
      1334          8          0          0          0      10120   gd32f4xx_dma.o
       224         16          0          0          0       1822   gd32f4xx_exti.o
       484         52          0          0          0       5288   gd32f4xx_fmc.o
       264          0          0          0          0       4065   gd32f4xx_gpio.o
       506         16          0          0          0       7413   gd32f4xx_i2c.o
       406         62          0          0          0      75444   gd32f4xx_it.o
       340         26          0          0          0      32546   gd32f4xx_misc.o
       312         52          0          0         16       1790   gd32f4xx_pmu.o
       868         66          0          0          0       6392   gd32f4xx_rcu.o
       928         62          0          0          0       7927   gd32f4xx_rtc.o
       648        142          0          0          0      14775   gd32f4xx_sdio.o
       114          0          0          0          0       3285   gd32f4xx_spi.o
       172          6          0          0          0        730   gd32f4xx_syscfg.o
       598         44          0          0          0       3924   gd32f4xx_timer.o
       736         18          0          0          0       8718   gd32f4xx_usart.o
       116          4          0          0          0        528   led_ctrl.o
       516        280          0          0          0       1223   main.o
      3612        302          0         24       1108      16349   mcu_cimc_gd32f470vet6.o
      1586         80       2712         23          0       9900   oled.o
       192         62          0          0          0       2292   oled_app.o
      2574        654          0          1      36912      18461   ota_uart.o
       928        112          4         64          0      24500   perf_counter.o
       182         18          0          0          0       7225   perfc_port_default.o
        58          0          0          0          0       1002   proto_crc.o
      2292        122          0          0          0       3125   proto_dispatch.o
      1180          6         17          0          0      11744   proto_frame.o
       388          0          0          0          0       5867   ring_buffer.o
        16          6          0          0          0        459   rtc_app.o
       100         14          0         76          0       1740   scheduler.o
      2230       1266        196         16       1436       4414   sd_app.o
      7148        352          0         36         32      32382   sdio_sdcard.o
        36          8        428          0       8192        880   startup_gd32f450_470.o
      1016         68          0          6          0       9809   sys_alarm.o
       104          4          0          0          0       1294   sys_baudrate.o
        96         22          0          2          0       1794   sys_dac.o
       196         56          0          5          0      35466   sys_device.o
       456        112          0         17          0       4645   sys_ota.o
       176         40          0         16          0       4808   sys_param.o
       468         58         88          0          0       3069   sys_pt100.o
       198         52          0         12          0       4607   sys_report.o
       106         14          0          0          0       1650   sys_sample.o
       414         44          0          8          0       3771   sys_sleep.o
       332         16          0          1          0       2910   sys_storage.o
       998         30         36          0          0       7651   sys_time.o
       966         64          0          4          0       5107   system_gd32f4xx.o
       164         24          0          4          0     131406   systick.o
        32         10          0          0          0        544   systick_wrapper_ual.o
       512         42          0          6        512       4498   usart_app.o

    ----------------------------------------------------------------------
     49358       4840       4888        544      48268     642520   Object Totals
         0          0         32          0          0          0   (incl. Generated)
        74          0          4         19          0          0   (incl. Padding)

    ----------------------------------------------------------------------

      Code (inc. data)   RO Data    RW Data    ZI Data      Debug   Library Member Name

        58          0          0          0          0        136   sqrtf.o
        86          0          0          0          0          0   __dczerorl2.o
        32         10          0          0          0         80   cpp_init.o
         0          0          0          0          0          0   entry.o
         0          0          0          0          0          0   entry10a.o
         0          0          0          0          0          0   entry11a.o
         8          4          0          0          0          0   entry2.o
         4          0          0          0          0          0   entry5.o
         0          0          0          0          0          0   entry7b.o
         4          0          0          0          0          0   entry8a.o
         0          0          0          0          0          0   entry8b.o
         8          4          0          0          0          0   entry9a.o
        12          6          0          4          0         68   errno.o
        30          0          0          0          0          0   handlers.o
        36          8          0          0          0         68   init.o
         0          0          0          0          0          0   iusefp.o
        98          0          0          0          0         84   ldiv.o
        30          0          0          0          0         68   llshl.o
        36          0          0          0          0         68   llsshr.o
        32          0          0          0          0         68   llushr.o
        26          0          0          0          0         80   memcmp.o
        36          0          0          0          0         68   memcpya.o
        36          0          0          0          0        108   memseta.o
      2342         90          0          0          0        668   printfa.o
        14          0          0          0          0         68   strlen.o
        44          0          0          0          0         80   uidiv.o
        98          0          0          0          0         92   uldiv.o
        48          0          0          0          0         68   cdrcmple.o
       334          0          0          0          0        148   dadd.o
       222          0          0          0          0        100   ddiv.o
       186          0          0          0          0        176   depilogue.o
        48          0          0          0          0         68   dfixul.o
       228          0          0          0          0         96   dmul.o
        38          0          0          0          0         68   f2d.o

    ----------------------------------------------------------------------
      4178        122          0          4          0       2528   Library Totals
         4          0          0          0          0          0   (incl. Padding)

    ----------------------------------------------------------------------

      Code (inc. data)   RO Data    RW Data    ZI Data      Debug   Library Name

        58          0          0          0          0        136   m_wm.l
      3012        122          0          4          0       1668   mc_w.l
      1104          0          0          0          0        724   mf_w.l

    ----------------------------------------------------------------------
      4178        122          0          4          0       2528   Library Totals

    ----------------------------------------------------------------------

==============================================================================


      Code (inc. data)   RO Data    RW Data    ZI Data      Debug   

     53536       4962       4888        548      48268     598084   Grand Totals
     53536       4962       4888        140      48268     598084   ELF Image Totals (compressed)
     53536       4962       4888        140          0          0   ROM Totals

==============================================================================

    Total RO  Size (Code + RO Data)                58424 (  57.05kB)
    Total RW  Size (RW Data + ZI Data)             48816 (  47.67kB)
    Total ROM Size (Code + RO Data + RW Data)      58564 (  57.19kB)

==============================================================================

